Component: ARM Compiler 5.06 update 6 (build 750) Tool: armlink [4d35ed]

==============================================================================

Section Cross References

    init.o(i.get_sys_cfg) refers to init.o(.data) for glb_sys_cfg
    init.o(i.hw_init) refers to board.o(i.board_config) for board_config
    init.o(i.hw_init) refers to init.o(i.system_config) for system_config
    init.o(i.hw_init) refers to ulog.o(i.ulog_init) for ulog_init
    init.o(i.hw_init) refers to ulog_console.o(i.ulog_console_backend_init) for ulog_console_backend_init
    init.o(i.hw_init) refers to referee_system.o(i.referee_param_init) for referee_param_init
    init.o(i.hw_init) refers to drv_uart.o(i.usart3_rx_callback_register) for usart3_rx_callback_register
    init.o(i.hw_init) refers to referee_system.o(i.referee_send_data_register) for referee_send_data_register
    init.o(i.hw_init) refers to dbus.o(i.rc_device_register) for rc_device_register
    init.o(i.hw_init) refers to drv_dr16.o(i.dr16_forword_callback_register) for dr16_forword_callback_register
    init.o(i.hw_init) refers to referee_system.o(i.referee_uart_rx_data_handle) for referee_uart_rx_data_handle
    init.o(i.hw_init) refers to drv_uart.o(i.usart3_transmit) for usart3_transmit
    init.o(i.hw_init) refers to init.o(.bss) for rc_dev
    init.o(i.hw_init) refers to infantry_cmd.o(i.rc_data_forword_by_can) for rc_data_forword_by_can
    init.o(i.system_config) refers to stm32f4xx_hal_gpio.o(i.HAL_GPIO_ReadPin) for HAL_GPIO_ReadPin
    init.o(i.system_config) refers to init.o(.data) for glb_sys_cfg
    init.o(i.task_init) refers to init.o(i.get_sys_cfg) for get_sys_cfg
    init.o(i.task_init) refers to memcpya.o(.text) for __aeabi_memcpy4
    init.o(i.task_init) refers to cmsis_os.o(i.osThreadCreate) for osThreadCreate
    init.o(i.task_init) refers to init.o(.constdata) for .constdata
    init.o(i.task_init) refers to init.o(.data) for timer_task_t
    init.o(.constdata) refers to init.o(.conststring) for .conststring
    init.o(.constdata) refers to timer_task.o(i.timer_task) for timer_task
    init.o(.constdata) refers to communicate.o(i.communicate_task) for communicate_task
    init.o(.constdata) refers to infantry_cmd.o(i.infantry_cmd_task) for infantry_cmd_task
    init.o(.constdata) refers to rc_light.o(i.rc_light) for rc_light
    communicate.o(i.can2_rcv_callback) refers to protocol_interface.o(i.protocol_can_rcv_data) for protocol_can_rcv_data
    communicate.o(i.can2_rcv_callback) refers to cmsis_os.o(i.osSignalSet) for osSignalSet
    communicate.o(i.can2_rcv_callback) refers to init.o(.data) for communicate_task_t
    communicate.o(i.can2_send_data) refers to drv_can.o(i.can_msg_bytes_send) for can_msg_bytes_send
    communicate.o(i.can2_send_data) refers to can.o(.bss) for hcan2
    communicate.o(i.communicate_task) refers to init.o(i.get_sys_cfg) for get_sys_cfg
    communicate.o(i.communicate_task) refers to protocol.o(i.protocol_local_init) for protocol_local_init
    communicate.o(i.communicate_task) refers to protocol_interface.o(i.protocol_can_interface_register) for protocol_can_interface_register
    communicate.o(i.communicate_task) refers to protocol_interface.o(i.protocol_uart_interface_register) for protocol_uart_interface_register
    communicate.o(i.communicate_task) refers to protocol_interface.o(i.protocol_set_route) for protocol_set_route
    communicate.o(i.communicate_task) refers to protocol.o(i.protocol_rcv_cmd_register) for protocol_rcv_cmd_register
    communicate.o(i.communicate_task) refers to usbd_cdc_if.o(i.usb_vcp_rx_callback_register) for usb_vcp_rx_callback_register
    communicate.o(i.communicate_task) refers to timer_task.o(i.soft_timer_register) for soft_timer_register
    communicate.o(i.communicate_task) refers to protocol.o(i.protocol_send_list_add_callback_reg) for protocol_send_list_add_callback_reg
    communicate.o(i.communicate_task) refers to drv_can.o(i.can_fifo0_rx_callback_register) for can_fifo0_rx_callback_register
    communicate.o(i.communicate_task) refers to cmsis_os.o(i.osSignalWait) for osSignalWait
    communicate.o(i.communicate_task) refers to protocol.o(i.protocol_send_flush) for protocol_send_flush
    communicate.o(i.communicate_task) refers to protocol.o(i.protocol_unpack_flush) for protocol_unpack_flush
    communicate.o(i.communicate_task) refers to referee_system.o(i.referee_unpack_fifo_data) for referee_unpack_fifo_data
    communicate.o(i.communicate_task) refers to communicate.o(i.can2_send_data) for can2_send_data
    communicate.o(i.communicate_task) refers to communicate.o(i.usb_interface_send) for usb_interface_send
    communicate.o(i.communicate_task) refers to communicate.o(i.dr16_rx_data_by_can) for dr16_rx_data_by_can
    communicate.o(i.communicate_task) refers to communicate.o(i.manifold2_heart_package) for manifold2_heart_package
    communicate.o(i.communicate_task) refers to communicate.o(i.report_firmware_version) for report_firmware_version
[...]
    ulog_backend_register                    0x0800c24d   Thumb Code    70  ulog.o(i.ulog_backend_register)
    ulog_console_backend_init                0x0800c299   Thumb Code    22  ulog_console.o(i.ulog_console_backend_init)
    ulog_console_backend_output              0x0800c2c1   Thumb Code    28  ulog_console.o(i.ulog_console_backend_output)
    ulog_global_filter_lvl_set               0x0800c2dd   Thumb Code     8  ulog.o(i.ulog_global_filter_lvl_set)
    ulog_init                                0x0800c2e9   Thumb Code    46  ulog.o(i.ulog_init)
    ulog_tag_lvl_list_get                    0x0800c31d   Thumb Code     4  ulog.o(i.ulog_tag_lvl_list_get)
    usart3_idle_callback                     0x0800c325   Thumb Code    52  drv_uart.o(i.usart3_idle_callback)
    usart3_manage_init                       0x0800c361   Thumb Code    90  drv_uart.o(i.usart3_manage_init)
    usart3_rx_callback_register              0x0800c3d5   Thumb Code    14  drv_uart.o(i.usart3_rx_callback_register)
    usart3_transmit                          0x0800c3e9   Thumb Code    18  drv_uart.o(i.usart3_transmit)
    usart6_manage_init                       0x0800c401   Thumb Code    90  drv_uart.o(i.usart6_manage_init)
    usart6_transmit                          0x0800c475   Thumb Code    18  drv_uart.o(i.usart6_transmit)
    usart_rx_callback_register               0x0800c4fb   Thumb Code     4  drv_uart.o(i.usart_rx_callback_register)
    usart_transmit                           0x0800c4ff   Thumb Code   124  drv_uart.o(i.usart_transmit)
    usb_tx_flush                             0x0800c5f1   Thumb Code    78  usbd_cdc_if.o(i.usb_tx_flush)
    usb_vcp_rx_callback_register             0x0800c64d   Thumb Code    34  usbd_cdc_if.o(i.usb_vcp_rx_callback_register)
    uwb_rcv_callback                         0x0800c675   Thumb Code   104  communicate.o(i.uwb_rcv_callback)
    uxListRemove                             0x0800c6e9   Thumb Code    40  list.o(i.uxListRemove)
    vApplicationMallocFailedHook             0x0800c711   Thumb Code     2  freertos.o(i.vApplicationMallocFailedHook)
    vApplicationStackOverflowHook            0x0800c713   Thumb Code     2  freertos.o(i.vApplicationStackOverflowHook)
    vListInitialise                          0x0800c715   Thumb Code    26  list.o(i.vListInitialise)
    vListInitialiseItem                      0x0800c72f   Thumb Code     6  list.o(i.vListInitialiseItem)
    vListInsert                              0x0800c735   Thumb Code    52  list.o(i.vListInsert)
    vListInsertEnd                           0x0800c769   Thumb Code    24  list.o(i.vListInsertEnd)
    vPortEnterCritical                       0x0800c781   Thumb Code    76  port.o(i.vPortEnterCritical)
    vPortExitCritical                        0x0800c7d5   Thumb Code    56  port.o(i.vPortExitCritical)
    vPortFree                                0x0800c811   Thumb Code   140  heap_4.o(i.vPortFree)
    vPortSetupTimerInterrupt                 0x0800c8a5   Thumb Code    26  port.o(i.vPortSetupTimerInterrupt)
    vPortValidateInterruptPriority           0x0800c8c5   Thumb Code   106  port.o(i.vPortValidateInterruptPriority)
    vTaskDelay                               0x0800c93d   Thumb Code    82  tasks.o(i.vTaskDelay)
    vTaskDelayUntil                          0x0800c999   Thumb Code   200  tasks.o(i.vTaskDelayUntil)
    vTaskStartScheduler                      0x0800ca6d   Thumb Code   108  tasks.o(i.vTaskStartScheduler)
    vTaskSuspendAll                          0x0800caf5   Thumb Code    12  tasks.o(i.vTaskSuspendAll)
    vTaskSwitchContext                       0x0800cb05   Thumb Code   174  tasks.o(i.vTaskSwitchContext)
    verify_crc16                             0x0800cbc9   Thumb Code    60  mf_crc.o(i.verify_crc16)
    verify_crc32                             0x0800cc05   Thumb Code    90  mf_crc.o(i.verify_crc32)
    xPortStartScheduler                      0x0800cc61   Thumb Code   288  port.o(i.xPortStartScheduler)
    xPortSysTickHandler                      0x0800cd9d   Thumb Code    46  port.o(i.xPortSysTickHandler)
    xTaskCreate                              0x0800cdd1   Thumb Code    96  tasks.o(i.xTaskCreate)
    xTaskGenericNotify                       0x0800ce31   Thumb Code   242  tasks.o(i.xTaskGenericNotify)
    xTaskGenericNotifyFromISR                0x0800cf35   Thumb Code   298  tasks.o(i.xTaskGenericNotifyFromISR)
    xTaskGetSchedulerState                   0x0800d079   Thumb Code    24  tasks.o(i.xTaskGetSchedulerState)
    xTaskGetTickCount                        0x0800d099   Thumb Code     6  tasks.o(i.xTaskGetTickCount)
    xTaskGetTickCountFromISR                 0x0800d0a5   Thumb Code    16  tasks.o(i.xTaskGetTickCountFromISR)
    xTaskIncrementTick                       0x0800d0b9   Thumb Code   282  tasks.o(i.xTaskIncrementTick)
    xTaskNotifyWait                          0x0800d201   Thumb Code   150  tasks.o(i.xTaskNotifyWait)
    xTaskResumeAll                           0x0800d2a1   Thumb Code   224  tasks.o(i.xTaskResumeAll)
    AHBPrescTable                            0x0800de24   Data          16  system_stm32f4xx.o(.constdata)
    APBPrescTable                            0x0800de34   Data           8  system_stm32f4xx.o(.constdata)
    Region$$Table$$Base                      0x0800de88   Number         0  anon$$obj.o(Region$$Table)
    Region$$Table$$Limit                     0x0800dea8   Number         0  anon$$obj.o(Region$$Table)
    timer_task_t                             0x20000004   Data           4  init.o(.data)
    chassis_task_t                           0x20000008   Data           4  init.o(.data)
    gimbal_task_t                            0x2000000c   Data           4  init.o(.data)
    communicate_task_t                       0x20000010   Data           4  init.o(.data)
    cmd_task_t                               0x20000014   Data           4  init.o(.data)
    shoot_task_t                             0x20000018   Data           4  init.o(.data)
    rc_light_t                               0x2000001c   Data           4  init.o(.data)
    follow_relative_angle                    0x20000034   Data           4  chassis_task.o(.data)
    pit_delta                                0x20000038   Data           4  gimbal_task.o(.data)
    yaw_delta                                0x2000003c   Data           4  gimbal_task.o(.data)
    auto_adjust_f                            0x20000040   Data           1  gimbal_task.o(.data)
    auto_init_f                              0x20000041   Data           1  gimbal_task.o(.data)
    yaw_angle_fdb_js                         0x2000006c   Data           4  gimbal_task.o(.data)
    yaw_angle_ref_js                         0x20000070   Data           4  gimbal_task.o(.data)
    pit_angle_fdb_js                         0x20000074   Data           4  gimbal_task.o(.data)
    pit_angle_ref_js                         0x20000078   Data           4  gimbal_task.o(.data)
    yaw_spd_fdb_js                           0x2000007c   Data           4  gimbal_task.o(.data)
    yaw_spd_ref_js                           0x20000080   Data           4  gimbal_task.o(.data)
    pit_spd_fdb_js                           0x20000084   Data           4  gimbal_task.o(.data)
    pit_spd_ref_js                           0x20000088   Data           4  gimbal_task.o(.data)
    pit_time                                 0x2000008c   Data           4  gimbal_task.o(.data)
    yaw_time                                 0x20000090   Data           4  gimbal_task.o(.data)
    pit_cnt                                  0x20000094   Data           4  gimbal_task.o(.data)
    yaw_ecd_r                                0x20000098   Data           2  gimbal_task.o(.data)
    yaw_ecd_l                                0x2000009a   Data           2  gimbal_task.o(.data)
    pit_ecd_c                                0x2000009c   Data           2  gimbal_task.o(.data)
    yaw_ecd_c                                0x2000009e   Data           2  gimbal_task.o(.data)
    dr16_rx_callback                         0x200000b8   Data           4  drv_dr16.o(.data)
    dr16_forword_callback                    0x200000bc   Data           4  drv_dr16.o(.data)
    gyro_can_send                            0x20000124   Data           4  single_gyro.o(.data)
    mem_mutex                                0x20000128   Data           4  mem_mang4.o(.data)
    pxCurrentTCB                             0x20000148   Data           4  tasks.o(.data)
    InitTaskHandle                           0x200001ac   Data           4  freertos.o(.data)
    SystemCoreClock                          0x200001b0   Data           4  system_stm32f4xx.o(.data)
    USBD_Interface_fops_FS                   0x200001b4   Data          16  usbd_cdc_if.o(.data)
    FS_Desc                                  0x200001c4   Data          28  usbd_desc.o(.data)
    USBD_FS_DeviceDesc                       0x200001e0   Data          18  usbd_desc.o(.data)
    USBD_LangIDDesc                          0x200001f4   Data           4  usbd_desc.o(.data)
    USBD_CDC                                 0x20000208   Data          56  usbd_cdc.o(.data)
    USBD_CDC_CfgHSDesc                       0x20000240   Data          67  usbd_cdc.o(.data)
    USBD_CDC_CfgFSDesc                       0x20000284   Data          67  usbd_cdc.o(.data)
    USBD_CDC_OtherSpeedCfgDesc               0x200002c8   Data          67  usbd_cdc.o(.data)
    uwTick                                   0x2000030c   Data           4  stm32f4xx_hal.o(.data)
    uwTickPrio                               0x20000310   Data           4  stm32f4xx_hal.o(.data)
    uwTickFreq                               0x20000314   Data           1  stm32f4xx_hal.o(.data)
    chassis                                  0x20000318   Data        1096  init.o(.bss)
    gimbal                                   0x20000760   Data         708  init.o(.bss)
    shoot                                    0x20000a24   Data         332  init.o(.bss)
    soft_timer                               0x20000bf8   Data         304  timer_task.o(.bss)
    cmd_gimbal_info                          0x20000d28   Data          13  infantry_cmd.o(.bss)
    cmd_chassis_info                         0x20000d35   Data          18  infantry_cmd.o(.bss)
    manifold_cmd                             0x20000d47   Data          42  infantry_cmd.o(.bss)
    can1_manage                              0x20001268   Data          60  drv_can.o(.bss)
    can2_manage                              0x200012a4   Data          60  drv_can.o(.bss)
    usart3_manage_obj                        0x20002b54   Data          64  drv_uart.o(.bss)
    usart6_manage_obj                        0x20002b94   Data          64  drv_uart.o(.bss)
    SoftTimer                                0x20002c14   Data         160  soft_timer.o(.bss)
    boardcast_object                         0x20002f10   Data          16  protocol.o(.bss)
    protocol_local_info                      0x20002f20   Data        2212  protocol.o(.bss)
    hcan1                                    0x200218b4   Data          40  can.o(.bss)
    hcan2                                    0x200218dc   Data          40  can.o(.bss)
    hspi5                                    0x20021904   Data          88  spi.o(.bss)
    htim5                                    0x2002195c   Data          60  stm32f4xx_hal_timebase_tim.o(.bss)
    htim2                                    0x20021998   Data          60  tim.o(.bss)
    htim12                                   0x200219d4   Data          60  tim.o(.bss)
    htim1                                    0x20021a10   Data          60  tim.o(.bss)
    htim3                                    0x20021a4c   Data          60  tim.o(.bss)
    huart1                                   0x20021a88   Data          64  usart.o(.bss)
    huart3                                   0x20021ac8   Data          64  usart.o(.bss)
    huart6                                   0x20021b08   Data          64  usart.o(.bss)
    hdma_usart1_rx                           0x20021b48   Data          96  usart.o(.bss)
    hdma_usart3_rx                           0x20021ba8   Data          96  usart.o(.bss)
    hdma_usart3_tx                           0x20021c08   Data          96  usart.o(.bss)
    hdma_usart6_rx                           0x20021c68   Data          96  usart.o(.bss)
    hdma_usart6_tx                           0x20021cc8   Data          96  usart.o(.bss)
    UserRxBufferFS                           0x20021d3c   Data        2048  usbd_cdc_if.o(.bss)
    UserTxBufferFS                           0x2002253c   Data        4096  usbd_cdc_if.o(.bss)
    usb_tx_fifo                              0x2002353c   Data          24  usbd_cdc_if.o(.bss)
    usb_tx_fifo_buff                         0x20023554   Data        4096  usbd_cdc_if.o(.bss)
    hUsbDeviceFS                             0x20024554   Data         548  usb_device.o(.bss)
    hpcd_USB_OTG_FS                          0x20024778   Data        1008  usbd_conf.o(.bss)
    USBD_StrDesc                             0x20024b68   Data         512  usbd_desc.o(.bss)
    __initial_sp                             0x20025568   Data           0  startup_stm32f427xx.o(STACK)



==============================================================================

Memory Map of the image

  Image Entry point : 0x080001ad

  Load Region LR_IROM1 (Base: 0x08000000, Size: 0x0000e1c0, Max: 0x00200000, ABSOLUTE, COMPRESSED[0x0000dfb0])

    Execution Region ER_IROM1 (Exec base: 0x08000000, Load base: 0x08000000, Size: 0x0000dea8, Max: 0x00200000, ABSOLUTE)

    Exec Addr    Load Addr    Size         Type   Attr      Idx    E Section Name        Object

    0x08000000   0x08000000   0x000001ac   Data   RO         6224    RESET               startup_stm32f427xx.o
    0x080001ac   0x080001ac   0x00000000   Code   RO         9792  * .ARM.Collect$$$$00000000  mc_w.l(entry.o)
    0x080001ac   0x080001ac   0x00000004   Code   RO        10165    .ARM.Collect$$$$00000001  mc_w.l(entry2.o)
    0x080001b0   0x080001b0   0x00000004   Code   RO        10168    .ARM.Collect$$$$00000004  mc_w.l(entry5.o)
    0x080001b4   0x080001b4   0x00000000   Code   RO        10170    .ARM.Collect$$$$00000008  mc_w.l(entry7b.o)
    0x080001b4   0x080001b4   0x00000000   Code   RO        10172    .ARM.Collect$$$$0000000A  mc_w.l(entry8b.o)
    0x080001b4   0x080001b4   0x00000008   Code   RO        10173    .ARM.Collect$$$$0000000B  mc_w.l(entry9a.o)
    0x080001bc   0x080001bc   0x00000000   Code   RO        10175    .ARM.Collect$$$$0000000D  mc_w.l(entry10a.o)
    0x080001bc   0x080001bc   0x00000000   Code   RO        10177    .ARM.Collect$$$$0000000F  mc_w.l(entry11a.o)
    0x080001bc   0x080001bc   0x00000004   Code   RO        10166    .ARM.Collect$$$$00002712  mc_w.l(entry2.o)
    0x080001c0   0x080001c0   0x000000ba   Code   RO         4701    .emb_text           port.o
    0x0800027a   0x0800027a   0x00000002   PAD
    0x0800027c   0x0800027c   0x00000024   Code   RO         6225    .text               startup_stm32f427xx.o
    0x080002a0   0x080002a0   0x00000062   Code   RO         9795    .text               mc_w.l(uldiv.o)
    0x08000302   0x08000302   0x00000024   Code   RO         9797    .text               mc_w.l(memcpya.o)
    0x08000326   0x08000326   0x00000024   Code   RO         9799    .text               mc_w.l(memseta.o)
    0x0800034a   0x0800034a   0x00000018   Code   RO         9803    .text               mc_w.l(strncpy.o)
    0x08000362   0x08000362   0x0000000e   Code   RO         9805    .text               mc_w.l(strlen.o)
    0x08000370   0x08000370   0x00000012   Code   RO         9807    .text               mc_w.l(strcpy.o)
    0x08000382   0x08000382   0x0000001e   Code   RO         9809    .text               mc_w.l(strncmp.o)
    0x080003a0   0x080003a0   0x0000001e   Code   RO        10184    .text               mc_w.l(llshl.o)
    0x080003be   0x080003be   0x00000020   Code   RO        10186    .text               mc_w.l(llushr.o)
    0x080003de   0x080003de   0x00000002   PAD
    0x080003e0   0x080003e0   0x00000024   Code   RO        10210    .text               mc_w.l(init.o)
    0x08000404   0x08000404   0x00000056   Code   RO        10226    .text               mc_w.l(__dczerorl2.o)
    0x0800045a   0x0800045a   0x00000004   Code   RO         5138    i.BusFault_Handler  stm32f4xx_it.o
    0x0800045e   0x0800045e   0x00000002   PAD
    0x08000460   0x08000460   0x00000010   Code   RO         5139    i.CAN1_RX0_IRQHandler  stm32f4xx_it.o
    0x08000470   0x08000470   0x00000010   Code   RO         5140    i.CAN1_TX_IRQHandler  stm32f4xx_it.o
    0x08000480   0x08000480   0x00000010   Code   RO         5141    i.CAN2_RX0_IRQHandler  stm32f4xx_it.o
    0x08000490   0x08000490   0x00000010   Code   RO         5142    i.CAN2_TX_IRQHandler  stm32f4xx_it.o
    0x080004a0   0x080004a0   0x00000044   Code   RO         5473    i.CDC_Control_FS    usbd_cdc_if.o
    0x080004e4   0x080004e4   0x00000004   Code   RO         5474    i.CDC_DeInit_FS     usbd_cdc_if.o
    0x080004e8   0x080004e8   0x00000038   Code   RO         5475    i.CDC_Init_FS       usbd_cdc_if.o
    0x08000520   0x08000520   0x00000040   Code   RO         5476    i.CDC_Receive_FS    usbd_cdc_if.o
    0x08000560   0x08000560   0x0000001c   Code   RO         5477    i.CDC_Transmit_FS   usbd_cdc_if.o
    0x0800057c   0x0800057c   0x00000010   Code   RO         5143    i.DMA1_Stream1_IRQHandler  stm32f4xx_it.o
    0x0800058c   0x0800058c   0x00000010   Code   RO         5144    i.DMA1_Stream3_IRQHandler  stm32f4xx_it.o
    0x0800059c   0x0800059c   0x00000010   Code   RO         5145    i.DMA2_Stream1_IRQHandler  stm32f4xx_it.o
    0x080005ac   0x080005ac   0x00000010   Code   RO         5146    i.DMA2_Stream5_IRQHandler  stm32f4xx_it.o
    0x080005bc   0x080005bc   0x00000010   Code   RO         5147    i.DMA2_Stream6_IRQHandler  stm32f4xx_it.o
    0x080005cc   0x080005cc   0x00000034   Code   RO         6789    i.DMA_CalcBaseAndBitshift  stm32f4xx_hal_dma.o
    0x08000600   0x08000600   0x000000aa   Code   RO         6790    i.DMA_CheckFifoParam  stm32f4xx_hal_dma.o
    0x080006aa   0x080006aa   0x0000002c   Code   RO         6791    i.DMA_SetConfig     stm32f4xx_hal_dma.o
    0x080006d6   0x080006d6   0x00000002   Code   RO         5148    i.DebugMon_Handler  stm32f4xx_it.o
    0x080006d8   0x080006d8   0x0000000c   Code   RO         5149    i.EXTI15_10_IRQHandler  stm32f4xx_it.o
    0x080006e4   0x080006e4   0x0000000a   Code   RO         5150    i.EXTI2_IRQHandler  stm32f4xx_it.o
    0x080006ee   0x080006ee   0x0000002c   Code   RO         6416    i.HAL_CAN_ActivateNotification  stm32f4xx_hal_can.o
    0x0800071a   0x0800071a   0x0000012a   Code   RO         6417    i.HAL_CAN_AddTxMessage  stm32f4xx_hal_can.o
    0x08000844   0x08000844   0x00000124   Code   RO         6418    i.HAL_CAN_ConfigFilter  stm32f4xx_hal_can.o
    0x08000968   0x08000968   0x00000038   Code   RO         1075    i.HAL_CAN_ErrorCallback  drv_can.o
    0x080009a0   0x080009a0   0x00000188   Code   RO         6424    i.HAL_CAN_GetRxMessage  stm32f4xx_hal_can.o
    0x08000b28   0x08000b28   0x0000003a   Code   RO         6426    i.HAL_CAN_GetTxMailboxesFreeLevel  stm32f4xx_hal_can.o
    0x08000b62   0x08000b62   0x0000024e   Code   RO         6428    i.HAL_CAN_IRQHandler  stm32f4xx_hal_can.o
    0x08000db0   0x08000db0   0x00000176   Code   RO         6429    i.HAL_CAN_Init      stm32f4xx_hal_can.o
    0x08000f26   0x08000f26   0x00000002   PAD
    0x08000f28   0x08000f28   0x00000134   Code   RO         4843    i.HAL_CAN_MspInit   can.o
    0x0800105c   0x0800105c   0x00000026   Code   RO         6435    i.HAL_CAN_ResetError  stm32f4xx_hal_can.o
    0x08001082   0x08001082   0x00000002   Code   RO         6436    i.HAL_CAN_RxFifo0FullCallback  stm32f4xx_hal_can.o
    0x08001084   0x08001084   0x00000070   Code   RO         1076    i.HAL_CAN_RxFifo0MsgPendingCallback  drv_can.o
    0x080010f4   0x080010f4   0x00000002   Code   RO         6438    i.HAL_CAN_RxFifo1FullCallback  stm32f4xx_hal_can.o
    0x080010f6   0x080010f6   0x00000002   Code   RO         6439    i.HAL_CAN_RxFifo1MsgPendingCallback  stm32f4xx_hal_can.o
    0x080010f8   0x080010f8   0x00000002   Code   RO         6440    i.HAL_CAN_SleepCallback  stm32f4xx_hal_can.o
    0x080010fa   0x080010fa   0x00000060   Code   RO         6441    i.HAL_CAN_Start     stm32f4xx_hal_can.o
    0x0800115a   0x0800115a   0x00000002   Code   RO         6443    i.HAL_CAN_TxMailbox0AbortCallback  stm32f4xx_hal_can.o
    0x0800115c   0x0800115c   0x00000030   Code   RO         1077    i.HAL_CAN_TxMailbox0CompleteCallback  drv_can.o
    0x0800118c   0x0800118c   0x00000002   Code   RO         6445    i.HAL_CAN_TxMailbox1AbortCallback  stm32f4xx_hal_can.o
    0x0800118e   0x0800118e   0x00000002   PAD
    0x08001190   0x08001190   0x00000030   Code   RO         1078    i.HAL_CAN_TxMailbox1CompleteCallback  drv_can.o
    0x080011c0   0x080011c0   0x00000002   Code   RO         6447    i.HAL_CAN_TxMailbox2AbortCallback  stm32f4xx_hal_can.o
    0x080011c2   0x080011c2   0x00000002   PAD
    0x080011c4   0x080011c4   0x00000030   Code   RO         1079    i.HAL_CAN_TxMailbox2CompleteCallback  drv_can.o
    0x080011f4   0x080011f4   0x00000002   Code   RO         6450    i.HAL_CAN_WakeUpFromRxMsgCallback  stm32f4xx_hal_can.o
    0x080011f6   0x080011f6   0x00000028   Code   RO         6793    i.HAL_DMA_Abort_IT  stm32f4xx_hal_dma.o
    0x0800121e   0x0800121e   0x00000002   PAD
    0x08001220   0x08001220   0x00000240   Code   RO         6797    i.HAL_DMA_IRQHandler  stm32f4xx_hal_dma.o
    0x08001460   0x08001460   0x000000ec   Code   RO         6798    i.HAL_DMA_Init      stm32f4xx_hal_dma.o
    0x0800154c   0x0800154c   0x00000066   Code   RO         6801    i.HAL_DMA_Start     stm32f4xx_hal_dma.o
    0x080015b2   0x080015b2   0x0000009e   Code   RO         6802    i.HAL_DMA_Start_IT  stm32f4xx_hal_dma.o
    0x08001650   0x08001650   0x00000028   Code   RO         6239    i.HAL_Delay         stm32f4xx_hal.o
    0x08001678   0x08001678   0x00000040   Code   RO          990    i.HAL_GPIO_EXTI_Callback  board.o
    0x080016b8   0x080016b8   0x0000001c   Code   RO         7224    i.HAL_GPIO_EXTI_IRQHandler  stm32f4xx_hal_gpio.o
    0x080016d4   0x080016d4   0x0000021c   Code   RO         7225    i.HAL_GPIO_Init     stm32f4xx_hal_gpio.o
    0x080018f0   0x080018f0   0x00000010   Code   RO         7227    i.HAL_GPIO_ReadPin  stm32f4xx_hal_gpio.o
    0x08001900   0x08001900   0x00000008   Code   RO         7228    i.HAL_GPIO_TogglePin  stm32f4xx_hal_gpio.o
    0x08001908   0x08001908   0x0000000c   Code   RO         7229    i.HAL_GPIO_WritePin  stm32f4xx_hal_gpio.o
    0x08001914   0x08001914   0x0000000c   Code   RO         6247    i.HAL_GetTick       stm32f4xx_hal.o
    0x08001920   0x08001920   0x00000018   Code   RO         6251    i.HAL_IncTick       stm32f4xx_hal.o
    0x08001938   0x08001938   0x0000003c   Code   RO         6252    i.HAL_Init          stm32f4xx_hal.o
    0x08001974   0x08001974   0x0000008c   Code   RO         5098    i.HAL_InitTick      stm32f4xx_hal_timebase_tim.o
    0x08001a00   0x08001a00   0x0000009c   Code   RO         5074    i.HAL_MspInit       stm32f4xx_hal_msp.o
    0x08001a9c   0x08001a9c   0x0000001a   Code   RO         6654    i.HAL_NVIC_EnableIRQ  stm32f4xx_hal_cortex.o
    0x08001ab6   0x08001ab6   0x0000007c   Code   RO         6660    i.HAL_NVIC_SetPriority  stm32f4xx_hal_cortex.o
    0x08001b32   0x08001b32   0x00000002   PAD
    0x08001b34   0x08001b34   0x00000028   Code   RO         6661    i.HAL_NVIC_SetPriorityGrouping  stm32f4xx_hal_cortex.o
    0x08001b5c   0x08001b5c   0x0000000a   Code   RO         7503    i.HAL_PCDEx_SetRxFiFo  stm32f4xx_hal_pcd_ex.o
    0x08001b66   0x08001b66   0x00000052   Code   RO         7504    i.HAL_PCDEx_SetTxFiFo  stm32f4xx_hal_pcd_ex.o
    0x08001bb8   0x08001bb8   0x0000000e   Code   RO         5571    i.HAL_PCD_ConnectCallback  usbd_conf.o
    0x08001bc6   0x08001bc6   0x00000020   Code   RO         5572    i.HAL_PCD_DataInStageCallback  usbd_conf.o
    0x08001be6   0x08001be6   0x00000020   Code   RO         5573    i.HAL_PCD_DataOutStageCallback  usbd_conf.o
    0x08001c06   0x08001c06   0x0000000e   Code   RO         5574    i.HAL_PCD_DisconnectCallback  usbd_conf.o
    0x08001c14   0x08001c14   0x0000006a   Code   RO         7297    i.HAL_PCD_EP_Close  stm32f4xx_hal_pcd.o
    0x08001c7e   0x08001c7e   0x00000068   Code   RO         7298    i.HAL_PCD_EP_ClrStall  stm32f4xx_hal_pcd.o
    0x08001ce6   0x08001ce6   0x00000018   Code   RO         7300    i.HAL_PCD_EP_GetRxCount  stm32f4xx_hal_pcd.o
    0x08001cfe   0x08001cfe   0x0000008c   Code   RO         7301    i.HAL_PCD_EP_Open   stm32f4xx_hal_pcd.o
    0x08001d8a   0x08001d8a   0x00000058   Code   RO         7302    i.HAL_PCD_EP_Receive  stm32f4xx_hal_pcd.o
    0x08001de2   0x08001de2   0x0000007a   Code   RO         7303    i.HAL_PCD_EP_SetStall  stm32f4xx_hal_pcd.o
    0x08001e5c   0x08001e5c   0x0000005a   Code   RO         7304    i.HAL_PCD_EP_Transmit  stm32f4xx_hal_pcd.o
    0x08001eb6   0x08001eb6   0x00000002   PAD
    0x08001eb8   0x08001eb8   0x00000694   Code   RO         7306    i.HAL_PCD_IRQHandler  stm32f4xx_hal_pcd.o
    0x0800254c   0x0800254c   0x00000012   Code   RO         5575    i.HAL_PCD_ISOINIncompleteCallback  usbd_conf.o
    0x0800255e   0x0800255e   0x00000012   Code   RO         5576    i.HAL_PCD_ISOOUTIncompleteCallback  usbd_conf.o
    0x08002570   0x08002570   0x00000142   Code   RO         7309    i.HAL_PCD_Init      stm32f4xx_hal_pcd.o
    0x080026b2   0x080026b2   0x00000002   PAD
    0x080026b4   0x080026b4   0x0000007c   Code   RO         5578    i.HAL_PCD_MspInit   usbd_conf.o
    0x08002730   0x08002730   0x00000032   Code   RO         5579    i.HAL_PCD_ResetCallback  usbd_conf.o
    0x08002762   0x08002762   0x0000000e   Code   RO         5580    i.HAL_PCD_ResumeCallback  usbd_conf.o
    0x08002770   0x08002770   0x0000000e   Code   RO         5581    i.HAL_PCD_SOFCallback  usbd_conf.o
    0x0800277e   0x0800277e   0x00000032   Code   RO         7315    i.HAL_PCD_SetAddress  stm32f4xx_hal_pcd.o
    0x080027b0   0x080027b0   0x00000012   Code   RO         5582    i.HAL_PCD_SetupStageCallback  usbd_conf.o
    0x080027c2   0x080027c2   0x00000034   Code   RO         7317    i.HAL_PCD_Start     stm32f4xx_hal_pcd.o
    0x080027f6   0x080027f6   0x00000002   PAD
    0x080027f8   0x080027f8   0x00000034   Code   RO         5583    i.HAL_PCD_SuspendCallback  usbd_conf.o
    0x0800282c   0x0800282c   0x00000180   Code   RO         7726    i.HAL_RCC_ClockConfig  stm32f4xx_hal_rcc.o
    0x080029ac   0x080029ac   0x00000044   Code   RO         7730    i.HAL_RCC_GetClockConfig  stm32f4xx_hal_rcc.o
    0x080029f0   0x080029f0   0x0000000c   Code   RO         7731    i.HAL_RCC_GetHCLKFreq  stm32f4xx_hal_rcc.o
    0x080029fc   0x080029fc   0x00000020   Code   RO         7733    i.HAL_RCC_GetPCLK1Freq  stm32f4xx_hal_rcc.o
    0x08002a1c   0x08002a1c   0x00000020   Code   RO         7734    i.HAL_RCC_GetPCLK2Freq  stm32f4xx_hal_rcc.o
    0x08002a3c   0x08002a3c   0x000000b0   Code   RO         7735    i.HAL_RCC_GetSysClockFreq  stm32f4xx_hal_rcc.o
    0x08002aec   0x08002aec   0x00000448   Code   RO         7738    i.HAL_RCC_OscConfig  stm32f4xx_hal_rcc.o
    0x08002f34   0x08002f34   0x0000008c   Code   RO         7904    i.HAL_SPI_Init      stm32f4xx_hal_spi.o
    0x08002fc0   0x08002fc0   0x0000005c   Code   RO         5033    i.HAL_SPI_MspInit   spi.o
    0x0800301c   0x0800301c   0x0000021e   Code   RO         7913    i.HAL_SPI_TransmitReceive  stm32f4xx_hal_spi.o
    0x0800323a   0x0800323a   0x00000028   Code   RO         6663    i.HAL_SYSTICK_CLKSourceConfig  stm32f4xx_hal_cortex.o
    0x08003262   0x08003262   0x00000034   Code   RO         6665    i.HAL_SYSTICK_Config  stm32f4xx_hal_cortex.o
    0x08003296   0x08003296   0x00000002   Code   RO         8851    i.HAL_TIMEx_BreakCallback  stm32f4xx_hal_tim_ex.o
    0x08003298   0x08003298   0x00000002   Code   RO         8852    i.HAL_TIMEx_CommutationCallback  stm32f4xx_hal_tim_ex.o
    0x0800329a   0x0800329a   0x0000007e   Code   RO         8853    i.HAL_TIMEx_ConfigBreakDeadTime  stm32f4xx_hal_tim_ex.o
    0x08003318   0x08003318   0x00000062   Code   RO         8868    i.HAL_TIMEx_MasterConfigSynchronization  stm32f4xx_hal_tim_ex.o
    0x0800337a   0x0800337a   0x00000034   Code   RO         8212    i.HAL_TIM_Base_Init  stm32f4xx_hal_tim.o
    0x080033ae   0x080033ae   0x00000002   PAD
    0x080033b0   0x080033b0   0x00000044   Code   RO         5342    i.HAL_TIM_Base_MspInit  tim.o
    0x080033f4   0x080033f4   0x0000001e   Code   RO         8217    i.HAL_TIM_Base_Start_IT  stm32f4xx_hal_tim.o
    0x08003412   0x08003412   0x00000132   Code   RO         8221    i.HAL_TIM_ConfigClockSource  stm32f4xx_hal_tim.o
    0x08003544   0x08003544   0x00000002   Code   RO         8241    i.HAL_TIM_IC_CaptureCallback  stm32f4xx_hal_tim.o
    0x08003546   0x08003546   0x00000196   Code   RO         8254    i.HAL_TIM_IRQHandler  stm32f4xx_hal_tim.o
    0x080036dc   0x080036dc   0x000000ac   Code   RO         5343    i.HAL_TIM_MspPostInit  tim.o
    0x08003788   0x08003788   0x00000002   Code   RO         8257    i.HAL_TIM_OC_DelayElapsedCallback  stm32f4xx_hal_tim.o
    0x0800378a   0x0800378a   0x00000108   Code   RO         8278    i.HAL_TIM_PWM_ConfigChannel  stm32f4xx_hal_tim.o
    0x08003892   0x08003892   0x00000034   Code   RO         8281    i.HAL_TIM_PWM_Init  stm32f4xx_hal_tim.o
    0x080038c6   0x080038c6   0x00000002   PAD
    0x080038c8   0x080038c8   0x00000094   Code   RO         5345    i.HAL_TIM_PWM_MspInit  tim.o
    0x0800395c   0x0800395c   0x00000002   Code   RO         8284    i.HAL_TIM_PWM_PulseFinishedCallback  stm32f4xx_hal_tim.o
    0x0800395e   0x0800395e   0x00000002   PAD
    0x08003960   0x08003960   0x0000004c   Code   RO         8285    i.HAL_TIM_PWM_Start  stm32f4xx_hal_tim.o
    0x080039ac   0x080039ac   0x00000018   Code   RO         4977    i.HAL_TIM_PeriodElapsedCallback  main.o
    0x080039c4   0x080039c4   0x00000002   Code   RO         8295    i.HAL_TIM_TriggerCallback  stm32f4xx_hal_tim.o
    0x080039c6   0x080039c6   0x00000002   Code   RO         9111    i.HAL_UART_ErrorCallback  stm32f4xx_hal_uart.o
    0x080039c8   0x080039c8   0x0000014c   Code   RO         9114    i.HAL_UART_IRQHandler  stm32f4xx_hal_uart.o
    0x08003b14   0x08003b14   0x00000072   Code   RO         9115    i.HAL_UART_Init     stm32f4xx_hal_uart.o
    0x08003b86   0x08003b86   0x00000002   PAD
    0x08003b88   0x08003b88   0x000002c0   Code   RO         5420    i.HAL_UART_MspInit  usart.o
    0x08003e48   0x08003e48   0x000000c4   Code   RO         9119    i.HAL_UART_Receive_DMA  stm32f4xx_hal_uart.o
    0x08003f0c   0x08003f0c   0x00000034   Code   RO         1433    i.HAL_UART_RxCpltCallback  drv_uart.o
    0x08003f40   0x08003f40   0x00000034   Code   RO         1434    i.HAL_UART_RxHalfCpltCallback  drv_uart.o
    0x08003f74   0x08003f74   0x0000009c   Code   RO         9124    i.HAL_UART_Transmit_DMA  stm32f4xx_hal_uart.o
    0x08004010   0x08004010   0x00000030   Code   RO         1435    i.HAL_UART_TxCpltCallback  drv_uart.o
    0x08004040   0x08004040   0x00000002   Code   RO         9127    i.HAL_UART_TxHalfCpltCallback  stm32f4xx_hal_uart.o
    0x08004042   0x08004042   0x00000002   PAD
    0x08004044   0x08004044   0x00000014   Code   RO         5151    i.HardFault_Handler  stm32f4xx_it.o
    0x08004058   0x08004058   0x00000006   Code   RO         2634    i.INIT_LIST_HEAD    ulog.o
    0x0800405e   0x0800405e   0x00000006   Code   RO         3285    i.INIT_LIST_HEAD    protocol_interface.o
    0x08004064   0x08004064   0x0000006c   Code   RO         4844    i.MX_CAN1_Init      can.o
    0x080040d0   0x080040d0   0x0000006c   Code   RO         4845    i.MX_CAN2_Init      can.o
    0x0800413c   0x0800413c   0x00000098   Code   RO         4894    i.MX_DMA_Init       dma.o
    0x080041d4   0x080041d4   0x00000028   Code   RO         4915    i.MX_FREERTOS_Init  freertos.o
    0x080041fc   0x080041fc   0x00000248   Code   RO         4953    i.MX_GPIO_Init      gpio.o
    0x08004444   0x08004444   0x00000068   Code   RO         5034    i.MX_SPI5_Init      spi.o
    0x080044ac   0x080044ac   0x00000080   Code   RO         5346    i.MX_TIM12_Init     tim.o
    0x0800452c   0x0800452c   0x000000e0   Code   RO         5347    i.MX_TIM1_Init      tim.o
    0x0800460c   0x0800460c   0x00000088   Code   RO         5348    i.MX_TIM2_Init      tim.o
    0x08004694   0x08004694   0x00000098   Code   RO         5349    i.MX_TIM3_Init      tim.o
    0x0800472c   0x0800472c   0x00000060   Code   RO         5421    i.MX_USART1_UART_Init  usart.o
    0x0800478c   0x0800478c   0x0000005c   Code   RO         5422    i.MX_USART3_UART_Init  usart.o
    0x080047e8   0x080047e8   0x0000005c   Code   RO         5423    i.MX_USART6_UART_Init  usart.o
    0x08004844   0x08004844   0x00000034   Code   RO         5537    i.MX_USB_DEVICE_Init  usb_device.o
    0x08004878   0x08004878   0x00000004   Code   RO         5152    i.MemManage_Handler  stm32f4xx_it.o
    0x0800487c   0x0800487c   0x00000002   Code   RO         5153    i.NMI_Handler       stm32f4xx_it.o
    0x0800487e   0x0800487e   0x00000002   PAD
    0x08004880   0x08004880   0x00000010   Code   RO         6667    i.NVIC_GetPriorityGrouping  stm32f4xx_hal_cortex.o
    0x08004890   0x08004890   0x00000028   Code   RO         6668    i.NVIC_SetPriority  stm32f4xx_hal_cortex.o
    0x080048b8   0x080048b8   0x00000010   Code   RO         5154    i.OTG_FS_IRQHandler  stm32f4xx_it.o
    0x080048c8   0x080048c8   0x000000a2   Code   RO         7320    i.PCD_WriteEmptyTxFifo  stm32f4xx_hal_pcd.o
    0x0800496a   0x0800496a   0x00000028   Code   RO         7928    i.SPI_CheckFlag_BSY  stm32f4xx_hal_spi.o
    0x08004992   0x08004992   0x000000aa   Code   RO         7946    i.SPI_WaitFlagStateUntilTimeout  stm32f4xx_hal_spi.o
    0x08004a3c   0x08004a3c   0x00000008   Code   RO         5155    i.SysTick_Handler   stm32f4xx_it.o
    0x08004a44   0x08004a44   0x000000ec   Code   RO         4978    i.SystemClock_Config  main.o
    0x08004b30   0x08004b30   0x00000064   Code   RO         5305    i.SystemInit        system_stm32f4xx.o
    0x08004b94   0x08004b94   0x00000012   Code   RO         4916    i.SystemInitTask    freertos.o
    0x08004ba6   0x08004ba6   0x00000002   PAD
    0x08004ba8   0x08004ba8   0x00000010   Code   RO         5156    i.TIM2_IRQHandler   stm32f4xx_it.o
    0x08004bb8   0x08004bb8   0x00000010   Code   RO         5157    i.TIM5_IRQHandler   stm32f4xx_it.o
    0x08004bc8   0x08004bc8   0x000000e4   Code   RO         8296    i.TIM_Base_SetConfig  stm32f4xx_hal_tim.o
    0x08004cac   0x08004cac   0x0000001c   Code   RO         8297    i.TIM_CCxChannelCmd  stm32f4xx_hal_tim.o
    0x08004cc8   0x08004cc8   0x00000018   Code   RO         8303    i.TIM_ETR_SetConfig  stm32f4xx_hal_tim.o
    0x08004ce0   0x08004ce0   0x00000014   Code   RO         8304    i.TIM_ITRx_SetConfig  stm32f4xx_hal_tim.o
    0x08004cf4   0x08004cf4   0x00000070   Code   RO         8305    i.TIM_OC1_SetConfig  stm32f4xx_hal_tim.o
    0x08004d64   0x08004d64   0x00000078   Code   RO         8306    i.TIM_OC2_SetConfig  stm32f4xx_hal_tim.o
    0x08004ddc   0x08004ddc   0x00000078   Code   RO         8307    i.TIM_OC3_SetConfig  stm32f4xx_hal_tim.o
    0x08004e54   0x08004e54   0x00000060   Code   RO         8308    i.TIM_OC4_SetConfig  stm32f4xx_hal_tim.o
    0x08004eb4   0x08004eb4   0x0000002a   Code   RO         8310    i.TIM_TI1_ConfigInputStage  stm32f4xx_hal_tim.o
    0x08004ede   0x08004ede   0x0000002c   Code   RO         8312    i.TIM_TI2_ConfigInputStage  stm32f4xx_hal_tim.o
    0x08004f0a   0x08004f0a   0x00000002   PAD
    0x08004f0c   0x08004f0c   0x00000038   Code   RO         2577    i.TimerISR_Hook     soft_timer.o
    0x08004f44   0x08004f44   0x00000014   Code   RO         9128    i.UART_DMAAbortOnError  stm32f4xx_hal_uart.o
    0x08004f58   0x08004f58   0x00000050   Code   RO         9129    i.UART_DMAError     stm32f4xx_hal_uart.o
    0x08004fa8   0x08004fa8   0x00000046   Code   RO         9130    i.UART_DMAReceiveCplt  stm32f4xx_hal_uart.o
    0x08004fee   0x08004fee   0x0000000e   Code   RO         9132    i.UART_DMARxHalfCplt  stm32f4xx_hal_uart.o
    0x08004ffc   0x08004ffc   0x00000036   Code   RO         9134    i.UART_DMATransmitCplt  stm32f4xx_hal_uart.o
    0x08005032   0x08005032   0x0000000e   Code   RO         9136    i.UART_DMATxHalfCplt  stm32f4xx_hal_uart.o
    0x08005040   0x08005040   0x00000020   Code   RO         9138    i.UART_EndRxTransfer  stm32f4xx_hal_uart.o
    0x08005060   0x08005060   0x00000020   Code   RO         9139    i.UART_EndTransmit_IT  stm32f4xx_hal_uart.o
    0x08005080   0x08005080   0x00000014   Code   RO         9140    i.UART_EndTxTransfer  stm32f4xx_hal_uart.o
    0x08005094   0x08005094   0x00000066   Code   RO         1305    i.UART_Receive_DMA_No_IT  drv_dr16.o
    0x080050fa   0x080050fa   0x0000009a   Code   RO         9141    i.UART_Receive_IT   stm32f4xx_hal_uart.o
    0x08005194   0x08005194   0x00000368   Code   RO         9142    i.UART_SetConfig    stm32f4xx_hal_uart.o
    0x080054fc   0x080054fc   0x00000068   Code   RO         9143    i.UART_Transmit_IT  stm32f4xx_hal_uart.o
    0x08005564   0x08005564   0x00000014   Code   RO         5158    i.USART1_IRQHandler  stm32f4xx_it.o
    0x08005578   0x08005578   0x00000014   Code   RO         5159    i.USART3_IRQHandler  stm32f4xx_it.o
    0x0800558c   0x0800558c   0x00000014   Code   RO         5160    i.USART6_IRQHandler  stm32f4xx_it.o
    0x080055a0   0x080055a0   0x0000001a   Code   RO         6120    i.USBD_CDC_DataIn   usbd_cdc.o
    0x080055ba   0x080055ba   0x00000034   Code   RO         6121    i.USBD_CDC_DataOut  usbd_cdc.o
    0x080055ee   0x080055ee   0x00000040   Code   RO         6122    i.USBD_CDC_DeInit   usbd_cdc.o
    0x0800562e   0x0800562e   0x00000032   Code   RO         6123    i.USBD_CDC_EP0_RxReady  usbd_cdc.o
    0x08005660   0x08005660   0x00000010   Code   RO         6124    i.USBD_CDC_GetDeviceQualifierDescriptor  usbd_cdc.o
    0x08005670   0x08005670   0x00000010   Code   RO         6125    i.USBD_CDC_GetFSCfgDesc  usbd_cdc.o
    0x08005680   0x08005680   0x00000010   Code   RO         6126    i.USBD_CDC_GetHSCfgDesc  usbd_cdc.o
    0x08005690   0x08005690   0x00000010   Code   RO         6127    i.USBD_CDC_GetOtherSpeedCfgDesc  usbd_cdc.o
    0x080056a0   0x080056a0   0x000000a6   Code   RO         6128    i.USBD_CDC_Init     usbd_cdc.o
    0x08005746   0x08005746   0x0000003a   Code   RO         6129    i.USBD_CDC_ReceivePacket  usbd_cdc.o
    0x08005780   0x08005780   0x0000000e   Code   RO         6130    i.USBD_CDC_RegisterInterface  usbd_cdc.o
    0x0800578e   0x0800578e   0x0000000e   Code   RO         6131    i.USBD_CDC_SetRxBuffer  usbd_cdc.o
    0x0800579c   0x0800579c   0x00000014   Code   RO         6132    i.USBD_CDC_SetTxBuffer  usbd_cdc.o
    0x080057b0   0x080057b0   0x00000090   Code   RO         6133    i.USBD_CDC_Setup    usbd_cdc.o
    0x08005840   0x08005840   0x00000038   Code   RO         6134    i.USBD_CDC_TransmitPacket  usbd_cdc.o
    0x08005878   0x08005878   0x00000016   Code   RO         5827    i.USBD_ClrClassConfig  usbd_core.o
    0x0800588e   0x0800588e   0x00000044   Code   RO         5965    i.USBD_ClrFeature   usbd_ctlreq.o
    0x080058d2   0x080058d2   0x00000018   Code   RO         6060    i.USBD_CtlContinueRx  usbd_ioreq.o
    0x080058ea   0x080058ea   0x00000018   Code   RO         6061    i.USBD_CtlContinueSendData  usbd_ioreq.o
    0x08005902   0x08005902   0x00000018   Code   RO         5966    i.USBD_CtlError     usbd_ctlreq.o
    0x0800591a   0x0800591a   0x00000028   Code   RO         6062    i.USBD_CtlPrepareRx  usbd_ioreq.o
    0x08005942   0x08005942   0x0000001a   Code   RO         6063    i.USBD_CtlReceiveStatus  usbd_ioreq.o
    0x0800595c   0x0800595c   0x00000022   Code   RO         6064    i.USBD_CtlSendData  usbd_ioreq.o
    0x0800597e   0x0800597e   0x0000001a   Code   RO         6065    i.USBD_CtlSendStatus  usbd_ioreq.o
    0x08005998   0x08005998   0x00000034   Code   RO         5760    i.USBD_FS_ConfigStrDescriptor  usbd_desc.o
    0x080059cc   0x080059cc   0x00000010   Code   RO         5761    i.USBD_FS_DeviceDescriptor  usbd_desc.o
    0x080059dc   0x080059dc   0x00000038   Code   RO         5762    i.USBD_FS_InterfaceStrDescriptor  usbd_desc.o
    0x08005a14   0x08005a14   0x00000010   Code   RO         5763    i.USBD_FS_LangIDStrDescriptor  usbd_desc.o
    0x08005a24   0x08005a24   0x0000002c   Code   RO         5764    i.USBD_FS_ManufacturerStrDescriptor  usbd_desc.o
    0x08005a50   0x08005a50   0x00000040   Code   RO         5765    i.USBD_FS_ProductStrDescriptor  usbd_desc.o
    0x08005a90   0x08005a90   0x00000038   Code   RO         5766    i.USBD_FS_SerialStrDescriptor  usbd_desc.o
    0x08005ac8   0x08005ac8   0x00000050   Code   RO         5967    i.USBD_GetConfig    usbd_ctlreq.o
    0x08005b18   0x08005b18   0x00000148   Code   RO         5968    i.USBD_GetDescriptor  usbd_ctlreq.o
    0x08005c60   0x08005c60   0x00000014   Code   RO         5969    i.USBD_GetLen       usbd_ctlreq.o
    0x08005c74   0x08005c74   0x00000044   Code   RO         5970    i.USBD_GetStatus    usbd_ctlreq.o
    0x08005cb8   0x08005cb8   0x00000052   Code   RO         5971    i.USBD_GetString    usbd_ctlreq.o
    0x08005d0a   0x08005d0a   0x00000032   Code   RO         5829    i.USBD_Init         usbd_core.o
    0x08005d3c   0x08005d3c   0x00000044   Code   RO         5584    i.USBD_LL_ClearStallEP  usbd_conf.o
    0x08005d80   0x08005d80   0x00000044   Code   RO         5585    i.USBD_LL_CloseEP   usbd_conf.o
    0x08005dc4   0x08005dc4   0x000000da   Code   RO         5830    i.USBD_LL_DataInStage  usbd_core.o
    0x08005e9e   0x08005e9e   0x00000086   Code   RO         5831    i.USBD_LL_DataOutStage  usbd_core.o
    0x08005f24   0x08005f24   0x00000006   Code   RO         5832    i.USBD_LL_DevConnected  usbd_core.o
    0x08005f2a   0x08005f2a   0x0000001a   Code   RO         5833    i.USBD_LL_DevDisconnected  usbd_core.o
    0x08005f44   0x08005f44   0x00000012   Code   RO         5589    i.USBD_LL_GetRxDataSize  usbd_conf.o
    0x08005f56   0x08005f56   0x00000002   PAD
    0x08005f58   0x08005f58   0x0000009c   Code   RO         5590    i.USBD_LL_Init      usbd_conf.o
    0x08005ff4   0x08005ff4   0x00000038   Code   RO         5591    i.USBD_LL_IsStallEP  usbd_conf.o
    0x0800602c   0x0800602c   0x00000006   Code   RO         5834    i.USBD_LL_IsoINIncomplete  usbd_core.o
    0x08006032   0x08006032   0x00000006   Code   RO         5835    i.USBD_LL_IsoOUTIncomplete  usbd_core.o
    0x08006038   0x08006038   0x00000062   Code   RO         5592    i.USBD_LL_OpenEP    usbd_conf.o
    0x0800609a   0x0800609a   0x00000062   Code   RO         5593    i.USBD_LL_PrepareReceive  usbd_conf.o
    0x080060fc   0x080060fc   0x00000044   Code   RO         5836    i.USBD_LL_Reset     usbd_core.o
    0x08006140   0x08006140   0x0000000e   Code   RO         5837    i.USBD_LL_Resume    usbd_core.o
    0x0800614e   0x0800614e   0x00000022   Code   RO         5838    i.USBD_LL_SOF       usbd_core.o
    0x08006170   0x08006170   0x00000008   Code   RO         5839    i.USBD_LL_SetSpeed  usbd_core.o
    0x08006178   0x08006178   0x00000044   Code   RO         5594    i.USBD_LL_SetUSBAddress  usbd_conf.o
    0x080061bc   0x080061bc   0x0000006e   Code   RO         5840    i.USBD_LL_SetupStage  usbd_core.o
    0x0800622a   0x0800622a   0x00000044   Code   RO         5595    i.USBD_LL_StallEP   usbd_conf.o
    0x0800626e   0x0800626e   0x0000003c   Code   RO         5596    i.USBD_LL_Start     usbd_conf.o
    0x080062aa   0x080062aa   0x00000014   Code   RO         5841    i.USBD_LL_Suspend   usbd_core.o
    0x080062be   0x080062be   0x00000062   Code   RO         5598    i.USBD_LL_Transmit  usbd_conf.o
    0x08006320   0x08006320   0x00000028   Code   RO         5972    i.USBD_ParseSetupRequest  usbd_ctlreq.o
    0x08006348   0x08006348   0x00000010   Code   RO         5842    i.USBD_RegisterClass  usbd_core.o
    0x08006358   0x08006358   0x00000006   Code   RO         5843    i.USBD_RunTestMode  usbd_core.o
    0x0800635e   0x0800635e   0x00000054   Code   RO         5973    i.USBD_SetAddress   usbd_ctlreq.o
    0x080063b2   0x080063b2   0x00000022   Code   RO         5844    i.USBD_SetClassConfig  usbd_core.o
    0x080063d4   0x080063d4   0x000000e0   Code   RO         5974    i.USBD_SetConfig    usbd_ctlreq.o
    0x080064b4   0x080064b4   0x00000024   Code   RO         5975    i.USBD_SetFeature   usbd_ctlreq.o
    0x080064d8   0x080064d8   0x0000000e   Code   RO         5845    i.USBD_Start        usbd_core.o
    0x080064e6   0x080064e6   0x00000072   Code   RO         5976    i.USBD_StdDevReq    usbd_ctlreq.o
    0x08006558   0x08006558   0x00000156   Code   RO         5977    i.USBD_StdEPReq     usbd_ctlreq.o
    0x080066ae   0x080066ae   0x0000004a   Code   RO         5978    i.USBD_StdItfReq    usbd_ctlreq.o
    0x080066f8   0x080066f8   0x000000c4   Code   RO         9440    i.USB_ActivateEndpoint  stm32f4xx_ll_usb.o
    0x080067bc   0x080067bc   0x00000044   Code   RO         9441    i.USB_ActivateSetup  stm32f4xx_ll_usb.o
    0x08006800   0x08006800   0x00000070   Code   RO         9443    i.USB_CoreInit      stm32f4xx_ll_usb.o
    0x08006870   0x08006870   0x0000004c   Code   RO         9444    i.USB_CoreReset     stm32f4xx_ll_usb.o
    0x080068bc   0x080068bc   0x0000010c   Code   RO         9446    i.USB_DeactivateEndpoint  stm32f4xx_ll_usb.o
    0x080069c8   0x080069c8   0x0000001e   Code   RO         9447    i.USB_DevConnect    stm32f4xx_ll_usb.o
    0x080069e6   0x080069e6   0x0000001e   Code   RO         9448    i.USB_DevDisconnect  stm32f4xx_ll_usb.o
    0x08006a04   0x08006a04   0x000001a0   Code   RO         9449    i.USB_DevInit       stm32f4xx_ll_usb.o
    0x08006ba4   0x08006ba4   0x0000000e   Code   RO         9450    i.USB_DisableGlobalInt  stm32f4xx_ll_usb.o
    0x08006bb2   0x08006bb2   0x00000002   PAD
    0x08006bb4   0x08006bb4   0x000001ac   Code   RO         9453    i.USB_EP0StartXfer  stm32f4xx_ll_usb.o
    0x08006d60   0x08006d60   0x00000044   Code   RO         9454    i.USB_EP0_OutStart  stm32f4xx_ll_usb.o
    0x08006da4   0x08006da4   0x00000088   Code   RO         9455    i.USB_EPClearStall  stm32f4xx_ll_usb.o
    0x08006e2c   0x08006e2c   0x0000008c   Code   RO         9456    i.USB_EPSetStall    stm32f4xx_ll_usb.o
    0x08006eb8   0x08006eb8   0x000002d0   Code   RO         9457    i.USB_EPStartXfer   stm32f4xx_ll_usb.o
    0x08007188   0x08007188   0x0000000e   Code   RO         9458    i.USB_EnableGlobalInt  stm32f4xx_ll_usb.o
    0x08007196   0x08007196   0x00000002   PAD
    0x08007198   0x08007198   0x0000002c   Code   RO         9459    i.USB_FlushRxFifo   stm32f4xx_ll_usb.o
    0x080071c4   0x080071c4   0x00000030   Code   RO         9460    i.USB_FlushTxFifo   stm32f4xx_ll_usb.o
    0x080071f4   0x080071f4   0x00000044   Code   RO         9462    i.USB_GetDevSpeed   stm32f4xx_ll_usb.o
    0x08007238   0x08007238   0x0000000a   Code   RO         9464    i.USB_GetMode       stm32f4xx_ll_usb.o
    0x08007242   0x08007242   0x00000012   Code   RO         9471    i.USB_ReadDevAllInEpInterrupt  stm32f4xx_ll_usb.o
    0x08007254   0x08007254   0x00000012   Code   RO         9472    i.USB_ReadDevAllOutEpInterrupt  stm32f4xx_ll_usb.o
    0x08007266   0x08007266   0x0000002c   Code   RO         9473    i.USB_ReadDevInEPInterrupt  stm32f4xx_ll_usb.o
    0x08007292   0x08007292   0x00000016   Code   RO         9474    i.USB_ReadDevOutEPInterrupt  stm32f4xx_ll_usb.o
    0x080072a8   0x080072a8   0x0000000c   Code   RO         9475    i.USB_ReadInterrupts  stm32f4xx_ll_usb.o
    0x080072b4   0x080072b4   0x00000022   Code   RO         9476    i.USB_ReadPacket    stm32f4xx_ll_usb.o
    0x080072d6   0x080072d6   0x00000030   Code   RO         9478    i.USB_SetCurrentMode  stm32f4xx_ll_usb.o
    0x08007306   0x08007306   0x00000024   Code   RO         9479    i.USB_SetDevAddress  stm32f4xx_ll_usb.o
    0x0800732a   0x0800732a   0x00000010   Code   RO         9480    i.USB_SetDevSpeed   stm32f4xx_ll_usb.o
    0x0800733a   0x0800733a   0x00000030   Code   RO         9483    i.USB_WritePacket   stm32f4xx_ll_usb.o
    0x0800736a   0x0800736a   0x00000004   Code   RO         5161    i.UsageFault_Handler  stm32f4xx_it.o
    0x0800736e   0x0800736e   0x00000004   Code   RO         4979    i._Error_Handler    main.o
    0x08007372   0x08007372   0x00000006   Code   RO         2635    i.__get_PRIMASK     ulog.o
    0x08007378   0x08007378   0x00000006   Code   RO         3120    i.__get_PRIMASK     protocol_transmit.o
    0x0800737e   0x0800737e   0x00000006   Code   RO         3357    i.__get_PRIMASK     fifo.o
    0x08007384   0x08007384   0x0000000e   Code   RO        10220    i.__scatterload_copy  mc_w.l(handlers.o)
    0x08007392   0x08007392   0x00000002   Code   RO        10221    i.__scatterload_null  mc_w.l(handlers.o)
    0x08007394   0x08007394   0x0000000e   Code   RO        10222    i.__scatterload_zeroinit  mc_w.l(handlers.o)
    0x080073a2   0x080073a2   0x00000006   Code   RO         1546    i.__set_PRIMASK     object.o
    0x080073a8   0x080073a8   0x00000006   Code   RO         2636    i.__set_PRIMASK     ulog.o
    0x080073ae   0x080073ae   0x00000006   Code   RO         3121    i.__set_PRIMASK     protocol_transmit.o
    0x080073b4   0x080073b4   0x00000006   Code   RO         3358    i.__set_PRIMASK     fifo.o
    0x080073ba   0x080073ba   0x0000002c   Code   RO         3624    i.append_crc16      mf_crc.o
    0x080073e6   0x080073e6   0x0000003c   Code   RO         3625    i.append_crc32      mf_crc.o
    0x08007422   0x08007422   0x00000002   PAD
    0x08007424   0x08007424   0x00000090   Code   RO         1361    i.beep_ctrl_times   drv_io.o
    0x080074b4   0x080074b4   0x00000010   Code   RO         1363    i.beep_set_tune     drv_io.o
    0x080074c4   0x080074c4   0x00000088   Code   RO          991    i.board_config      board.o
    0x0800754c   0x0800754c   0x00000016   Code   RO          992    i.can1_motor_msg_rec  board.o
    0x08007562   0x08007562   0x00000002   PAD
    0x08007564   0x08007564   0x00000024   Code   RO          370    i.can2_rcv_callback  communicate.o
    0x08007588   0x08007588   0x0000001c   Code   RO          371    i.can2_send_data    communicate.o
    0x080075a4   0x080075a4   0x00000088   Code   RO          993    i.can2_single_gyro_rec  board.o
    0x0800762c   0x0800762c   0x00000026   Code   RO         1080    i.can_fifo0_rx_callback_register  drv_can.o
    0x08007652   0x08007652   0x00000002   PAD
    0x08007654   0x08007654   0x00000130   Code   RO         1081    i.can_manage_init   drv_can.o
    0x08007784   0x08007784   0x000000ec   Code   RO         1082    i.can_msg_bytes_send  drv_can.o
    0x08007870   0x08007870   0x0000006e   Code   RO         1083    i.can_tx_mailbox_complete_hanle  drv_can.o
    0x080078de   0x080078de   0x00000012   Code   RO         1984    i.chassis_find      chassis.o
    0x080078f0   0x080078f0   0x00000016   Code   RO         1986    i.chassis_gyro_updata  chassis.o
    0x08007906   0x08007906   0x0000001a   Code   RO         1988    i.chassis_set_acc   chassis.o
    0x08007920   0x08007920   0x00000016   Code   RO         1989    i.chassis_set_offset  chassis.o
    0x08007936   0x08007936   0x00000002   PAD
    0x08007938   0x08007938   0x00000010   Code   RO          486    i.chassis_set_relative_angle  chassis_task.o
    0x08007948   0x08007948   0x0000001a   Code   RO         1990    i.chassis_set_speed  chassis.o
    0x08007962   0x08007962   0x00000002   PAD
    0x08007964   0x08007964   0x0000002c   Code   RO          678    i.chassis_spd_acc_ctrl  infantry_cmd.o
    0x08007990   0x08007990   0x0000002c   Code   RO          679    i.chassis_speed_ctrl  infantry_cmd.o
    0x080079bc   0x080079bc   0x0000015c   Code   RO          372    i.communicate_task  communicate.o
    0x08007b18   0x08007b18   0x00000040   Code   RO         1787    i.detect_device_update  detect.o
    0x08007b58   0x08007b58   0x00000012   Code   RO         1604    i.device_find       device.o
    0x08007b6a   0x08007b6a   0x00000036   Code   RO         1605    i.device_register   device.o
    0x08007ba0   0x08007ba0   0x00000014   Code   RO         1306    i.dr16_forword_callback_register  drv_dr16.o
    0x08007bb4   0x08007bb4   0x00000034   Code   RO          373    i.dr16_rx_data_by_can  communicate.o
    0x08007be8   0x08007be8   0x00000034   Code   RO          994    i.dr16_rx_data_by_uart  board.o
    0x08007c1c   0x08007c1c   0x00000014   Code   RO         1307    i.dr16_rx_uart_callback_register  drv_dr16.o
    0x08007c30   0x08007c30   0x00000028   Code   RO         1308    i.dr16_uart_init    drv_dr16.o
    0x08007c58   0x08007c58   0x0000008c   Code   RO         1309    i.dr16_uart_rx_data_handle  drv_dr16.o
    0x08007ce4   0x08007ce4   0x00000054   Code   RO         3363    i.fifo_get          fifo.o
    0x08007d38   0x08007d38   0x0000003e   Code   RO         3364    i.fifo_get_noprotect  fifo.o
    0x08007d76   0x08007d76   0x0000001c   Code   RO         3365    i.fifo_init         fifo.o
    0x08007d92   0x08007d92   0x0000000e   Code   RO         3366    i.fifo_is_empty     fifo.o
    0x08007da0   0x08007da0   0x0000000e   Code   RO         3367    i.fifo_is_full      fifo.o
    0x08007dae   0x08007dae   0x00000054   Code   RO         3369    i.fifo_put          fifo.o
    0x08007e02   0x08007e02   0x0000003a   Code   RO         3376    i.fifo_s_get        fifo.o
    0x08007e3c   0x08007e3c   0x0000009a   Code   RO         3377    i.fifo_s_gets       fifo.o
    0x08007ed6   0x08007ed6   0x00000086   Code   RO         3378    i.fifo_s_gets_noprotect  fifo.o
    0x08007f5c   0x08007f5c   0x00000016   Code   RO         3379    i.fifo_s_init       fifo.o
    0x08007f72   0x08007f72   0x0000000e   Code   RO         3380    i.fifo_s_isempty    fifo.o
    0x08007f80   0x08007f80   0x00000028   Code   RO         3382    i.fifo_s_preread    fifo.o
    0x08007fa8   0x08007fa8   0x0000009e   Code   RO         3383    i.fifo_s_prereads   fifo.o
    0x08008046   0x08008046   0x000000a0   Code   RO         3385    i.fifo_s_puts       fifo.o
    0x080080e6   0x080080e6   0x0000008c   Code   RO         3386    i.fifo_s_puts_noprotect  fifo.o
    0x08008172   0x08008172   0x00000006   Code   RO         3387    i.fifo_s_used       fifo.o
    0x08008178   0x08008178   0x00000034   Code   RO         3627    i.get_crc16         mf_crc.o
    0x080081ac   0x080081ac   0x00000034   Code   RO         3628    i.get_crc32         mf_crc.o
    0x080081e0   0x080081e0   0x00000194   Code   RO         1719    i.get_dr16_data     dbus.o
    0x08008374   0x08008374   0x00000186   Code   RO         1720    i.get_dr16_state    dbus.o
    0x080084fa   0x080084fa   0x00000002   PAD
    0x080084fc   0x080084fc   0x000001c4   Code   RO         1159    i.get_ist_mag_offset  drv_imu.o
    0x080086c0   0x080086c0   0x000000bc   Code   RO         1160    i.get_mpu_acc_offset  drv_imu.o
    0x0800877c   0x0800877c   0x000000b8   Code   RO         1161    i.get_mpu_gyro_offset  drv_imu.o
    0x08008834   0x08008834   0x00000008   Code   RO          779    i.get_offline_dev   offline_check.o
    0x0800883c   0x0800883c   0x0000000c   Code   RO            4    i.get_sys_cfg       init.o
    0x08008848   0x08008848   0x00000008   Code   RO          995    i.get_time_ms       board.o
    0x08008850   0x08008850   0x00000014   Code   RO          374    i.gimbal_adjust     communicate.o
    0x08008864   0x08008864   0x0000000e   Code   RO          681    i.gimbal_adjust_cmd  infantry_cmd.o
    0x08008872   0x08008872   0x00000002   PAD
    0x08008874   0x08008874   0x0000002c   Code   RO          682    i.gimbal_angle_ctrl  infantry_cmd.o
    0x080088a0   0x080088a0   0x0000000c   Code   RO          522    i.gimbal_auto_adjust_start  gimbal_task.o
    0x080088ac   0x080088ac   0x00000012   Code   RO         2079    i.gimbal_find       gimbal.o
    0x080088be   0x080088be   0x00000034   Code   RO          683    i.gimbal_info_rcv   infantry_cmd.o
    0x080088f2   0x080088f2   0x000000a6   Code   RO         2087    i.gimbal_set_pitch_angle  gimbal.o
    0x08008998   0x08008998   0x00000044   Code   RO         2090    i.gimbal_set_pitch_speed  gimbal.o
    0x080089dc   0x080089dc   0x00000074   Code   RO         2091    i.gimbal_set_yaw_angle  gimbal.o
    0x08008a50   0x08008a50   0x00000128   Code   RO         2093    i.gimbal_set_yaw_gyro_angle  gimbal.o
    0x08008b78   0x08008b78   0x00000050   Code   RO         2095    i.gimbal_set_yaw_speed  gimbal.o
    0x08008bc8   0x08008bc8   0x00000012   Code   RO         2098    i.gimbal_yaw_gyro_update  gimbal.o
    0x08008bda   0x08008bda   0x00000002   PAD
    0x08008bdc   0x08008bdc   0x0000001c   Code   RO          998    i.gyro_can_std_send  board.o
    0x08008bf8   0x08008bf8   0x00000064   Code   RO         3565    i.heap_free         mem_mang4.o
    0x08008c5c   0x08008c5c   0x0000007c   Code   RO         3568    i.heap_init         mem_mang4.o
    0x08008cd8   0x08008cd8   0x00000100   Code   RO         3569    i.heap_malloc       mem_mang4.o
    0x08008dd8   0x08008dd8   0x0000004c   Code   RO            5    i.hw_init           init.o
    0x08008e24   0x08008e24   0x00000010   Code   RO         3694    i.inHandlerMode     cmsis_os.o
    0x08008e34   0x08008e34   0x00000374   Code   RO          685    i.infantry_cmd_task  infantry_cmd.o
    0x080091a8   0x080091a8   0x00000068   Code   RO         3571    i.insert_into_free_list  mem_mang4.o
    0x08009210   0x08009210   0x00000010   Code   RO         1162    i.ist8310_get_data  drv_imu.o
    0x08009220   0x08009220   0x00000100   Code   RO         1163    i.ist8310_init      drv_imu.o
    0x08009320   0x08009320   0x0000003a   Code   RO         1164    i.ist_reg_read_by_mpu  drv_imu.o
    0x0800935a   0x0800935a   0x00000040   Code   RO         1165    i.ist_reg_write_by_mpu  drv_imu.o
    0x0800939a   0x0800939a   0x00000002   PAD
    0x0800939c   0x0800939c   0x00000034   Code   RO         1366    i.led_toggle_300ms  drv_io.o
    0x080093d0   0x080093d0   0x0000000e   Code   RO         2639    i.list_add          ulog.o
    0x080093de   0x080093de   0x0000000e   Code   RO         3122    i.list_add          protocol_transmit.o
    0x080093ec   0x080093ec   0x0000000c   Code   RO         3123    i.list_del          protocol_transmit.o
    0x080093f8   0x080093f8   0x00000054   Code   RO         4980    i.main              main.o
    0x0800944c   0x0800944c   0x0000000e   Code   RO         3696    i.makeFreeRtosPriority  cmsis_os.o
    0x0800945a   0x0800945a   0x00000006   Code   RO          375    i.manifold2_heart_package  communicate.o
    0x08009460   0x08009460   0x0000000e   Code   RO          999    i.motor_can1_output_1ms  board.o
    0x0800946e   0x0800946e   0x00000002   PAD
    0x08009470   0x08009470   0x0000003c   Code   RO         1000    i.motor_canstd_send  board.o
    0x080094ac   0x080094ac   0x00000184   Code   RO         1642    i.motor_device_can_output  motor.o
    0x08009630   0x08009630   0x0000000c   Code   RO         1643    i.motor_device_can_send_register  motor.o
    0x0800963c   0x0800963c   0x0000002a   Code   RO         1644    i.motor_device_data_update  motor.o
    0x08009666   0x08009666   0x00000070   Code   RO         1646    i.motor_device_find_by_canid  motor.o
    0x080096d6   0x080096d6   0x00000002   PAD
    0x080096d8   0x080096d8   0x000000a0   Code   RO         1166    i.mpu_device_init   drv_imu.o
    0x08009778   0x08009778   0x0000008c   Code   RO         1169    i.mpu_mst_i2c_auto_read_config  drv_imu.o
    0x08009804   0x08009804   0x00000054   Code   RO         1170    i.mpu_read_reg      drv_imu.o
    0x08009858   0x08009858   0x00000064   Code   RO         1171    i.mpu_read_regs     drv_imu.o
    0x080098bc   0x080098bc   0x00000058   Code   RO         1172    i.mpu_write_reg     drv_imu.o
    0x08009914   0x08009914   0x0000006e   Code   RO         1548    i.object_find       object.o
    0x08009982   0x08009982   0x00000002   PAD
    0x08009984   0x08009984   0x0000002c   Code   RO         1549    i.object_get_information  object.o
    0x080099b0   0x080099b0   0x00000068   Code   RO         1550    i.object_init       object.o
    0x08009a18   0x08009a18   0x00000018   Code   RO         3698    i.osDelay           cmsis_os.o
    0x08009a30   0x08009a30   0x0000001c   Code   RO         3699    i.osDelayUntil      cmsis_os.o
    0x08009a4c   0x08009a4c   0x0000000a   Code   RO         3701    i.osKernelStart     cmsis_os.o
    0x08009a56   0x08009a56   0x00000014   Code   RO         3702    i.osKernelSysTick   cmsis_os.o
    0x08009a6a   0x08009a6a   0x00000002   PAD
    0x08009a6c   0x08009a6c   0x00000060   Code   RO         3732    i.osSignalSet       cmsis_os.o
    0x08009acc   0x08009acc   0x00000062   Code   RO         3733    i.osSignalWait      cmsis_os.o
    0x08009b2e   0x08009b2e   0x00000010   Code   RO         3734    i.osSystickHandler  cmsis_os.o
    0x08009b3e   0x08009b3e   0x00000030   Code   RO         3735    i.osThreadCreate    cmsis_os.o
    0x08009b6e   0x08009b6e   0x00000002   PAD
    0x08009b70   0x08009b70   0x00000044   Code   RO         2961    i.protocol_ack      protocol.o
    0x08009bb4   0x08009bb4   0x0000004e   Code   RO         3286    i.protocol_can_interface_register  protocol_interface.o
    0x08009c02   0x08009c02   0x00000002   PAD
    0x08009c04   0x08009c04   0x0000007c   Code   RO         3287    i.protocol_can_rcv_data  protocol_interface.o
    0x08009c80   0x08009c80   0x00000064   Code   RO         3288    i.protocol_get_interface  protocol_interface.o
    0x08009ce4   0x08009ce4   0x00000034   Code   RO         2962    i.protocol_get_send_cmd_info  protocol.o
    0x08009d18   0x08009d18   0x00000026   Code   RO         3124    i.protocol_get_session  protocol_transmit.o
    0x08009d3e   0x08009d3e   0x00000002   PAD
    0x08009d40   0x08009d40   0x00000118   Code   RO         3289    i.protocol_interface_init  protocol_interface.o
    0x08009e58   0x08009e58   0x000000a4   Code   RO         3290    i.protocol_interface_send_data  protocol_interface.o
    0x08009efc   0x08009efc   0x000000ec   Code   RO         2963    i.protocol_local_init  protocol.o
    0x08009fe8   0x08009fe8   0x0000000c   Code   RO         3081    i.protocol_p_free   protocol_common.o
    0x08009ff4   0x08009ff4   0x00000008   Code   RO         3082    i.protocol_p_get_time  protocol_common.o
    0x08009ffc   0x08009ffc   0x0000000c   Code   RO         3083    i.protocol_p_malloc  protocol_common.o
    0x0800a008   0x0800a008   0x0000006c   Code   RO         2964    i.protocol_rcv_cmd_register  protocol.o
    0x0800a074   0x0800a074   0x000000a0   Code   RO         2966    i.protocol_rcv_data  protocol.o
    0x0800a114   0x0800a114   0x00000074   Code   RO         2967    i.protocol_rcv_pack_handle  protocol.o
    0x0800a188   0x0800a188   0x00000020   Code   RO         3125    i.protocol_release_session  protocol_transmit.o
    0x0800a1a8   0x0800a1a8   0x0000022c   Code   RO         3126    i.protocol_s_add_sendnode  protocol_transmit.o
    0x0800a3d4   0x0800a3d4   0x00000062   Code   RO         3127    i.protocol_s_auth_pack_header  protocol_transmit.o
    0x0800a436   0x0800a436   0x00000002   PAD
    0x0800a438   0x0800a438   0x00000128   Code   RO         3128    i.protocol_s_broadcast_add_node  protocol_transmit.o
    0x0800a560   0x0800a560   0x000000b0   Code   RO         3129    i.protocol_s_broadcast_send_flush  protocol_transmit.o
    0x0800a610   0x0800a610   0x000002d4   Code   RO         3130    i.protocol_s_error_info_printf  protocol_transmit.o
    0x0800a8e4   0x0800a8e4   0x00000130   Code   RO         3131    i.protocol_s_extract  protocol_transmit.o
    0x0800aa14   0x0800aa14   0x00000036   Code   RO         3132    i.protocol_s_fetch_pack_data  protocol_transmit.o
    0x0800aa4a   0x0800aa4a   0x00000002   PAD
    0x0800aa4c   0x0800aa4c   0x000000b8   Code   RO         3133    i.protocol_s_fill_pack  protocol_transmit.o
    0x0800ab04   0x0800ab04   0x0000002e   Code   RO         3134    i.protocol_s_find_pack_header  protocol_transmit.o
    0x0800ab32   0x0800ab32   0x00000002   PAD
    0x0800ab34   0x0800ab34   0x00000040   Code   RO         3135    i.protocol_s_get_route  protocol_transmit.o
    0x0800ab74   0x0800ab74   0x0000001a   Code   RO         3136    i.protocol_s_get_ver_datalen  protocol_transmit.o
    0x0800ab8e   0x0800ab8e   0x00000056   Code   RO         3137    i.protocol_s_interface_ack_send_flush  protocol_transmit.o
    0x0800abe4   0x0800abe4   0x0000011c   Code   RO         3138    i.protocol_s_interface_normal_send_flush  protocol_transmit.o
    0x0800ad00   0x0800ad00   0x00000034   Code   RO         3139    i.protocol_s_interface_send_data  protocol_transmit.o
    0x0800ad34   0x0800ad34   0x0000012c   Code   RO         3140    i.protocol_s_pack_forward  protocol_transmit.o
    0x0800ae60   0x0800ae60   0x00000068   Code   RO         3141    i.protocol_s_session_get_node  protocol_transmit.o
    0x0800aec8   0x0800aec8   0x000000c0   Code   RO         3142    i.protocol_s_unpack_data_handle  protocol_transmit.o
    0x0800af88   0x0800af88   0x00000094   Code   RO         2968    i.protocol_send     protocol.o
    0x0800b01c   0x0800b01c   0x00000090   Code   RO         2971    i.protocol_send_flush  protocol.o
    0x0800b0ac   0x0800b0ac   0x00000010   Code   RO         2972    i.protocol_send_list_add_callback_reg  protocol.o
    0x0800b0bc   0x0800b0bc   0x00000014   Code   RO          376    i.protocol_send_success_callback  communicate.o
    0x0800b0d0   0x0800b0d0   0x00000090   Code   RO         3291    i.protocol_set_route  protocol_interface.o
    0x0800b160   0x0800b160   0x00000040   Code   RO         3292    i.protocol_uart_interface_register  protocol_interface.o
    0x0800b1a0   0x0800b1a0   0x00000064   Code   RO         3293    i.protocol_uart_rcv_data  protocol_interface.o
    0x0800b204   0x0800b204   0x0000003c   Code   RO         2973    i.protocol_unpack_flush  protocol.o
    0x0800b240   0x0800b240   0x00000098   Code   RO         4354    i.prvAddCurrentTaskToDelayedList  tasks.o
    0x0800b2d8   0x0800b2d8   0x000000b4   Code   RO         4355    i.prvAddNewTaskToReadyList  tasks.o
    0x0800b38c   0x0800b38c   0x00000064   Code   RO         4356    i.prvCheckTasksWaitingTermination  tasks.o
    0x0800b3f0   0x0800b3f0   0x00000012   Code   RO         4357    i.prvDeleteTCB      tasks.o
    0x0800b402   0x0800b402   0x00000002   PAD
    0x0800b404   0x0800b404   0x0000007c   Code   RO         4778    i.prvHeapInit       heap_4.o
    0x0800b480   0x0800b480   0x00000028   Code   RO         4358    i.prvIdleTask       tasks.o
    0x0800b4a8   0x0800b4a8   0x000000b4   Code   RO         4359    i.prvInitialiseNewTask  tasks.o
    0x0800b55c   0x0800b55c   0x00000068   Code   RO         4360    i.prvInitialiseTaskLists  tasks.o
    0x0800b5c4   0x0800b5c4   0x00000068   Code   RO         4779    i.prvInsertBlockIntoFreeList  heap_4.o
    0x0800b62c   0x0800b62c   0x00000034   Code   RO         4361    i.prvResetNextTaskUnblockTime  tasks.o
    0x0800b660   0x0800b660   0x00000040   Code   RO         4702    i.prvTaskExitError  port.o
    0x0800b6a0   0x0800b6a0   0x00000148   Code   RO         4780    i.pvPortMalloc      heap_4.o
    0x0800b7e8   0x0800b7e8   0x00000030   Code   RO         1368    i.pwm_device_init   drv_io.o
    0x0800b818   0x0800b818   0x0000002c   Code   RO         4703    i.pxPortInitialiseStack  port.o
    0x0800b844   0x0800b844   0x00000040   Code   RO         2497    i.ramp_calculate    ramp.o
    0x0800b884   0x0800b884   0x00000008   Code   RO         2498    i.ramp_init         ramp.o
    0x0800b88c   0x0800b88c   0x00000018   Code   RO          686    i.rc_data_forword_by_can  infantry_cmd.o
    0x0800b8a4   0x0800b8a4   0x00000020   Code   RO         1721    i.rc_device_date_update  dbus.o
    0x0800b8c4   0x0800b8c4   0x00000022   Code   RO         1722    i.rc_device_find    dbus.o
    0x0800b8e6   0x0800b8e6   0x0000000e   Code   RO         1723    i.rc_device_get_info  dbus.o
    0x0800b8f4   0x0800b8f4   0x00000060   Code   RO         1724    i.rc_device_get_state  dbus.o
    0x0800b954   0x0800b954   0x00000044   Code   RO         1725    i.rc_device_register  dbus.o
    0x0800b998   0x0800b998   0x00000080   Code   RO          966    i.rc_light          rc_light.o
    0x0800ba18   0x0800ba18   0x00000034   Code   RO          844    i.ref_append_crc16  referee_system.o
    0x0800ba4c   0x0800ba4c   0x00000024   Code   RO          845    i.ref_append_crc8   referee_system.o
    0x0800ba70   0x0800ba70   0x00000034   Code   RO          846    i.ref_get_crc16     referee_system.o
    0x0800baa4   0x0800baa4   0x00000024   Code   RO          847    i.ref_get_crc8      referee_system.o
    0x0800bac8   0x0800bac8   0x00000044   Code   RO          848    i.ref_verify_crc16  referee_system.o
    0x0800bb0c   0x0800bb0c   0x0000002e   Code   RO          849    i.ref_verify_crc8   referee_system.o
    0x0800bb3a   0x0800bb3a   0x00000030   Code   RO          850    i.referee_data_handler  referee_system.o
    0x0800bb6a   0x0800bb6a   0x00000002   PAD
    0x0800bb6c   0x0800bb6c   0x00000034   Code   RO          851    i.referee_param_init  referee_system.o
    0x0800bba0   0x0800bba0   0x0000003e   Code   RO          852    i.referee_protocol_pack  referee_system.o
    0x0800bbde   0x0800bbde   0x00000002   PAD
    0x0800bbe0   0x0800bbe0   0x0000005c   Code   RO          853    i.referee_protocol_tansmit  referee_system.o
    0x0800bc3c   0x0800bc3c   0x00000010   Code   RO          854    i.referee_send_data_register  referee_system.o
    0x0800bc4c   0x0800bc4c   0x00000028   Code   RO          855    i.referee_uart_rx_data_handle  referee_system.o
    0x0800bc74   0x0800bc74   0x00000158   Code   RO          856    i.referee_unpack_fifo_data  referee_system.o
    0x0800bdcc   0x0800bdcc   0x0000000c   Code   RO          377    i.report_firmware_version  communicate.o
    0x0800bdd8   0x0800bdd8   0x0000002c   Code   RO          687    i.shoot_ctrl        infantry_cmd.o
    0x0800be04   0x0800be04   0x00000012   Code   RO         2250    i.shoot_find        shoot.o
    0x0800be16   0x0800be16   0x00000002   PAD
    0x0800be18   0x0800be18   0x0000002c   Code   RO          688    i.shoot_firction_ctrl  infantry_cmd.o
    0x0800be44   0x0800be44   0x0000001c   Code   RO         2255    i.shoot_set_cmd     shoot.o
    0x0800be60   0x0800be60   0x00000016   Code   RO         2256    i.shoot_set_fric_speed  shoot.o
    0x0800be76   0x0800be76   0x00000034   Code   RO         2257    i.shoot_set_turn_speed  shoot.o
    0x0800beaa   0x0800beaa   0x00000002   PAD
    0x0800beac   0x0800beac   0x00000068   Code   RO         2258    i.shoot_state_update  shoot.o
    0x0800bf14   0x0800bf14   0x00000018   Code   RO         2342    i.single_gyro_can_send_register  single_gyro.o
    0x0800bf2c   0x0800bf2c   0x00000070   Code   RO         2345    i.single_gyro_update  single_gyro.o
    0x0800bf9c   0x0800bf9c   0x00000048   Code   RO         2578    i.soft_timer_check  soft_timer.o
    0x0800bfe4   0x0800bfe4   0x00000024   Code   RO         2580    i.soft_timer_init   soft_timer.o
    0x0800c008   0x0800c008   0x00000054   Code   RO          644    i.soft_timer_register  timer_task.o
    0x0800c05c   0x0800c05c   0x00000050   Code   RO         2581    i.soft_timer_req    soft_timer.o
    0x0800c0ac   0x0800c0ac   0x00000050   Code   RO         2582    i.soft_timer_update  soft_timer.o
    0x0800c0fc   0x0800c0fc   0x00000018   Code   RO          689    i.student_data_transmit  infantry_cmd.o
    0x0800c114   0x0800c114   0x00000018   Code   RO            6    i.system_config     init.o
    0x0800c12c   0x0800c12c   0x00000080   Code   RO            7    i.task_init         init.o
    0x0800c1ac   0x0800c1ac   0x00000030   Code   RO         2892    i.test_module_execute  test_module.o
    0x0800c1dc   0x0800c1dc   0x00000070   Code   RO          645    i.timer_task        timer_task.o
    0x0800c24c   0x0800c24c   0x0000004c   Code   RO         2641    i.ulog_backend_register  ulog.o
    0x0800c298   0x0800c298   0x00000028   Code   RO         2830    i.ulog_console_backend_init  ulog_console.o
    0x0800c2c0   0x0800c2c0   0x0000001c   Code   RO         2831    i.ulog_console_backend_output  ulog_console.o
    0x0800c2dc   0x0800c2dc   0x0000000c   Code   RO         2649    i.ulog_global_filter_lvl_set  ulog.o
    0x0800c2e8   0x0800c2e8   0x00000034   Code   RO         2653    i.ulog_init         ulog.o
    0x0800c31c   0x0800c31c   0x00000008   Code   RO         2660    i.ulog_tag_lvl_list_get  ulog.o
    0x0800c324   0x0800c324   0x0000003c   Code   RO         1436    i.usart3_idle_callback  drv_uart.o
    0x0800c360   0x0800c360   0x00000074   Code   RO         1437    i.usart3_manage_init  drv_uart.o
    0x0800c3d4   0x0800c3d4   0x00000014   Code   RO         1438    i.usart3_rx_callback_register  drv_uart.o
    0x0800c3e8   0x0800c3e8   0x00000018   Code   RO         1439    i.usart3_transmit   drv_uart.o
    0x0800c400   0x0800c400   0x00000074   Code   RO         1441    i.usart6_manage_init  drv_uart.o
    0x0800c474   0x0800c474   0x00000018   Code   RO         1443    i.usart6_transmit   drv_uart.o
    0x0800c48c   0x0800c48c   0x0000006e   Code   RO         1444    i.usart_rec_to_buff  drv_uart.o
    0x0800c4fa   0x0800c4fa   0x00000004   Code   RO         1445    i.usart_rx_callback_register  drv_uart.o
    0x0800c4fe   0x0800c4fe   0x0000007c   Code   RO         1446    i.usart_transmit    drv_uart.o
    0x0800c57a   0x0800c57a   0x00000040   Code   RO         1447    i.usart_transmit_hook  drv_uart.o
    0x0800c5ba   0x0800c5ba   0x00000012   Code   RO          378    i.usb_interface_send  communicate.o
    0x0800c5cc   0x0800c5cc   0x00000024   Code   RO          379    i.usb_rcv_callback  communicate.o
    0x0800c5f0   0x0800c5f0   0x0000005c   Code   RO         5478    i.usb_tx_flush      usbd_cdc_if.o
    0x0800c64c   0x0800c64c   0x00000028   Code   RO         5479    i.usb_vcp_rx_callback_register  usbd_cdc_if.o
    0x0800c674   0x0800c674   0x00000074   Code   RO          380    i.uwb_rcv_callback  communicate.o
    0x0800c6e8   0x0800c6e8   0x00000028   Code   RO         4165    i.uxListRemove      list.o
    0x0800c710   0x0800c710   0x00000002   Code   RO         4917    i.vApplicationMallocFailedHook  freertos.o
    0x0800c712   0x0800c712   0x00000002   Code   RO         4918    i.vApplicationStackOverflowHook  freertos.o
    0x0800c714   0x0800c714   0x0000001a   Code   RO         4166    i.vListInitialise   list.o
    0x0800c72e   0x0800c72e   0x00000006   Code   RO         4167    i.vListInitialiseItem  list.o
    0x0800c734   0x0800c734   0x00000034   Code   RO         4168    i.vListInsert       list.o
    0x0800c768   0x0800c768   0x00000018   Code   RO         4169    i.vListInsertEnd    list.o
    0x0800c780   0x0800c780   0x00000054   Code   RO         4705    i.vPortEnterCritical  port.o
    0x0800c7d4   0x0800c7d4   0x0000003c   Code   RO         4706    i.vPortExitCritical  port.o
    0x0800c810   0x0800c810   0x00000094   Code   RO         4781    i.vPortFree         heap_4.o
    0x0800c8a4   0x0800c8a4   0x00000020   Code   RO         4707    i.vPortSetupTimerInterrupt  port.o
    0x0800c8c4   0x0800c8c4   0x00000078   Code   RO         4708    i.vPortValidateInterruptPriority  port.o
    0x0800c93c   0x0800c93c   0x0000005c   Code   RO         4369    i.vTaskDelay        tasks.o
    0x0800c998   0x0800c998   0x000000d4   Code   RO         4370    i.vTaskDelayUntil   tasks.o
    0x0800ca6c   0x0800ca6c   0x00000088   Code   RO         4381    i.vTaskStartScheduler  tasks.o
    0x0800caf4   0x0800caf4   0x00000010   Code   RO         4383    i.vTaskSuspendAll   tasks.o
    0x0800cb04   0x0800cb04   0x000000c4   Code   RO         4384    i.vTaskSwitchContext  tasks.o
    0x0800cbc8   0x0800cbc8   0x0000003c   Code   RO         3630    i.verify_crc16      mf_crc.o
    0x0800cc04   0x0800cc04   0x0000005a   Code   RO         3631    i.verify_crc32      mf_crc.o
    0x0800cc5e   0x0800cc5e   0x00000002   PAD
    0x0800cc60   0x0800cc60   0x0000013c   Code   RO         4709    i.xPortStartScheduler  port.o
    0x0800cd9c   0x0800cd9c   0x00000034   Code   RO         4710    i.xPortSysTickHandler  port.o
    0x0800cdd0   0x0800cdd0   0x00000060   Code   RO         4386    i.xTaskCreate       tasks.o
    0x0800ce30   0x0800ce30   0x00000104   Code   RO         4387    i.xTaskGenericNotify  tasks.o
    0x0800cf34   0x0800cf34   0x00000144   Code   RO         4388    i.xTaskGenericNotifyFromISR  tasks.o
    0x0800d078   0x0800d078   0x00000020   Code   RO         4390    i.xTaskGetSchedulerState  tasks.o
    0x0800d098   0x0800d098   0x0000000c   Code   RO         4391    i.xTaskGetTickCount  tasks.o
    0x0800d0a4   0x0800d0a4   0x00000014   Code   RO         4392    i.xTaskGetTickCountFromISR  tasks.o
    0x0800d0b8   0x0800d0b8   0x00000148   Code   RO         4393    i.xTaskIncrementTick  tasks.o
    0x0800d200   0x0800d200   0x000000a0   Code   RO         4395    i.xTaskNotifyWait   tasks.o
    0x0800d2a0   0x0800d2a0   0x00000104   Code   RO         4399    i.xTaskResumeAll    tasks.o
    0x0800d3a4   0x0800d3a4   0x00000050   Data   RO            9    .constdata          init.o
    0x0800d3f4   0x0800d3f4   0x00000300   Data   RO          858    .constdata          referee_system.o
    0x0800d6f4   0x0800d6f4   0x0000000c   Data   RO         1001    .constdata          board.o
    0x0800d700   0x0800d700   0x0000000e   Data   RO         1174    .constdata          drv_imu.o
    0x0800d70e   0x0800d70e   0x00000002   PAD
    0x0800d710   0x0800d710   0x00000700   Data   RO         3633    .constdata          mf_crc.o
    0x0800de10   0x0800de10   0x00000014   Data   RO         4919    .constdata          freertos.o
    0x0800de24   0x0800de24   0x00000018   Data   RO         5306    .constdata          system_stm32f4xx.o
    0x0800de3c   0x0800de3c   0x00000008   Data   RO         6804    .constdata          stm32f4xx_hal_dma.o
    0x0800de44   0x0800de44   0x00000035   Data   RO           10    .conststring        init.o
    0x0800de79   0x0800de79   0x00000003   PAD
    0x0800de7c   0x0800de7c   0x00000009   Data   RO         4920    .conststring        freertos.o
    0x0800de85   0x0800de85   0x00000003   PAD
    0x0800de88   0x0800de88   0x00000020   Data   RO        10218    Region$$Table       anon$$obj.o


    Execution Region RW_IRAM1 (Exec base: 0x20000000, Load base: 0x0800dea8, Size: 0x00025568, Max: 0x00030000, ABSOLUTE, COMPRESSED[0x00000108])

    Exec Addr    Load Addr    Size         Type   Attr      Idx    E Section Name        Object

    0x20000000   COMPRESSED   0x00000020   Data   RW           11    .data               init.o
    0x20000020   COMPRESSED   0x00000005   Data   RW          382    .data               communicate.o
    0x20000025   COMPRESSED   0x00000003   PAD
    0x20000028   COMPRESSED   0x00000010   Data   RW          489    .data               chassis_task.o
    0x20000038   COMPRESSED   0x00000070   Data   RW          531    .data               gimbal_task.o
    0x200000a8   COMPRESSED   0x00000008   Data   RW          859    .data               referee_system.o
    0x200000b0   COMPRESSED   0x00000005   Data   RW         1175    .data               drv_imu.o
    0x200000b5   COMPRESSED   0x00000003   PAD
    0x200000b8   COMPRESSED   0x00000008   Data   RW         1311    .data               drv_dr16.o
    0x200000c0   COMPRESSED   0x00000014   Data   RW         1369    .data               drv_io.o
    0x200000d4   COMPRESSED   0x00000048   Data   RW         1551    .data               object.o
    0x2000011c   COMPRESSED   0x00000008   Data   RW         1651    .data               motor.o
    0x20000124   COMPRESSED   0x00000004   Data   RW         2346    .data               single_gyro.o
    0x20000128   COMPRESSED   0x00000020   Data   RW         3573    .data               mem_mang4.o
    0x20000148   COMPRESSED   0x0000003c   Data   RW         4402    .data               tasks.o
    0x20000184   COMPRESSED   0x0000000c   Data   RW         4711    .data               port.o
    0x20000190   COMPRESSED   0x00000018   Data   RW         4786    .data               heap_4.o
    0x200001a8   COMPRESSED   0x00000004   Data   RW         4847    .data               can.o
    0x200001ac   COMPRESSED   0x00000004   Data   RW         4921    .data               freertos.o
    0x200001b0   COMPRESSED   0x00000004   Data   RW         5307    .data               system_stm32f4xx.o
    0x200001b4   COMPRESSED   0x00000010   Data   RW         5481    .data               usbd_cdc_if.o
    0x200001c4   COMPRESSED   0x00000034   Data   RW         5768    .data               usbd_desc.o
    0x200001f8   COMPRESSED   0x00000001   Data   RW         5979    .data               usbd_ctlreq.o
    0x200001f9   COMPRESSED   0x00000003   PAD
    0x200001fc   COMPRESSED   0x00000110   Data   RW         6135    .data               usbd_cdc.o
    0x2000030c   COMPRESSED   0x00000009   Data   RW         6259    .data               stm32f4xx_hal.o
    0x20000315   COMPRESSED   0x00000003   PAD
    0x20000318        -       0x000008c8   Zero   RW            8    .bss                init.o
    0x20000be0        -       0x00000016   Zero   RW          381    .bss                communicate.o
    0x20000bf6   COMPRESSED   0x00000002   PAD
    0x20000bf8        -       0x00000130   Zero   RW          646    .bss                timer_task.o
    0x20000d28        -       0x00000049   Zero   RW          690    .bss                infantry_cmd.o
    0x20000d71   COMPRESSED   0x00000003   PAD
    0x20000d74        -       0x00000258   Zero   RW          785    .bss                offline_check.o
    0x20000fcc        -       0x0000029c   Zero   RW          857    .bss                referee_system.o
    0x20001268        -       0x00000878   Zero   RW         1084    .bss                drv_can.o
    0x20001ae0        -       0x00000042   Zero   RW         1173    .bss                drv_imu.o
    0x20001b22        -       0x00000032   Zero   RW         1310    .bss                drv_dr16.o
    0x20001b54        -       0x00001080   Zero   RW         1448    .bss                drv_uart.o
    0x20002bd4        -       0x00000040   Zero   RW         1650    .bss                motor.o
    0x20002c14        -       0x000000a0   Zero   RW         2583    .bss                soft_timer.o
    0x20002cb4        -       0x00000140   Zero   RW         2663    .bss                ulog.o
    0x20002df4        -       0x0000002c   Zero   RW         2832    .bss                ulog_console.o
    0x20002e20        -       0x000000f0   Zero   RW         2895    .bss                test_module.o
    0x20002f10        -       0x000008b4   Zero   RW         2974    .bss                protocol.o
    0x200037c4        -       0x0000f000   Zero   RW         3572    .bss                mem_mang4.o
    0x200127c4        -       0x000000f0   Zero   RW         4401    .bss                tasks.o
    0x200128b4        -       0x0000f000   Zero   RW         4785    .bss                heap_4.o
    0x200218b4        -       0x00000050   Zero   RW         4846    .bss                can.o
    0x20021904        -       0x00000058   Zero   RW         5035    .bss                spi.o
    0x2002195c        -       0x0000003c   Zero   RW         5101    .bss                stm32f4xx_hal_timebase_tim.o
    0x20021998        -       0x000000f0   Zero   RW         5350    .bss                tim.o
    0x20021a88        -       0x000002a0   Zero   RW         5424    .bss                usart.o
    0x20021d28        -       0x0000282c   Zero   RW         5480    .bss                usbd_cdc_if.o
    0x20024554        -       0x00000224   Zero   RW         5538    .bss                usb_device.o
    0x20024778        -       0x000003f0   Zero   RW         5599    .bss                usbd_conf.o
    0x20024b68        -       0x00000200   Zero   RW         5767    .bss                usbd_desc.o
    0x20024d68        -       0x00000800   Zero   RW         6222    STACK               startup_stm32f427xx.o


==============================================================================

Image component sizes


      Code (inc. data)   RO Data    RW Data    ZI Data      Debug   Object Name

       520         96         12          0          0       6341   board.o
       524        110          0          4         80       2550   can.o
       114          0          0          0          0       3840   chassis.o
        16          6          0         16          0        920   chassis_task.o
       370          4          0          0          0      18724   cmsis_os.o
       692        134          0          5         22      13700   communicate.o
      1038         10          0          0          0       5589   dbus.o
        64          0          0          0          0        791   detect.o
        72          0          0          0          0       1676   device.o
       152          6          0          0          0        914   dma.o
      1000        124          0          0       2168      12573   drv_can.o
       322         30          0          8         50       3868   drv_dr16.o
      1790        102         14          5         66       8555   drv_imu.o
       260         42          0         20          0       2539   drv_io.o
       814        126          0          0       4224       9147   drv_uart.o
         0          0          0          0          0       8148   event_groups.o
      1184          0          0          0          0      13567   fifo.o
        62         10         29          4          0       3028   freertos.o
       762         20          0          0          0       5631   gimbal.o
        12          4          0        112          0       6103   gimbal_task.o
       584         28          0          0          0       1403   gpio.o
       704         64          0         24      61440       7587   heap_4.o
      1218        132          0          0         73       8227   infantry_cmd.o
       240         58        133         32       2248     806247   init.o
       148          0          0          0          0       3762   list.o
       348         46          0          0          0       3105   main.o
         0          0          0          0          0       1472   mecanum.o
       584         78          0         32      61440       4102   mem_mang4.o
       358         12       1792          0          0       5016   mf_crc.o
       554         16          0          8         64       4239   motor.o
       264          4          0         72          0       7081   object.o
         8          4          0          0        600       1414   offline_check.o
       958         92          0         12          0      12393   port.o
      1108        188          0          0       2228      15969   protocol.o
        32          0          0          0          0       1768   protocol_common.o
      1060        174          0          0          0       8755   protocol_interface.o
      3654        908          0          0          0      26605   protocol_transmit.o
        72          6          0          0          0       1465   ramp.o
       128         16          0          0          0        671   rc_light.o
       944         70        768          8        668      10071   referee_system.o
       224         10          0          0          0       3676   shoot.o
       136         12          0          4          0       1957   single_gyro.o
       324         26          0          0        160       4686   soft_timer.o
       196         52          0          0         88       1761   spi.o
        36          8        428          0       2048        860   startup_stm32f427xx.o
       136         24          0          9          0       4078   stm32f4xx_hal.o
      2198          4          0          0          0      13651   stm32f4xx_hal_can.o
       338         22          0          0          0      31809   stm32f4xx_hal_cortex.o
      1378         16          8          0          0       7394   stm32f4xx_hal_dma.o
       604         58          0          0          0       4447   stm32f4xx_hal_gpio.o
       156          6          0          0          0        994   stm32f4xx_hal_msp.o
      2944         46          0          0          0      11413   stm32f4xx_hal_pcd.o
        92          0          0          0          0       1936   stm32f4xx_hal_pcd_ex.o
      1800         94          0          0          0       6445   stm32f4xx_hal_rcc.o
       892          0          0          0          0       4469   stm32f4xx_hal_spi.o
      2028         88          0          0          0      16078   stm32f4xx_hal_tim.o
       228          0          0          0          0       3326   stm32f4xx_hal_tim_ex.o
       140         18          0          0         60       1616   stm32f4xx_hal_timebase_tim.o
      2268         42          0          0          0      13256   stm32f4xx_hal_uart.o
       318         92          0          0          0      12597   stm32f4xx_it.o
      3182         64          0          0          0      21698   stm32f4xx_ll_usb.o
       100         18         24          4          0       1271   system_stm32f4xx.o
      2970        366          0         60        240      23406   tasks.o
         0          0          0          0          0        372   test.o
        48         10          0          0        240       1150   test_module.o
      1028        214          0          0        240       5307   tim.o
       196          8          0          0        304       2016   timer_task.o
       180         20          0          0        320      10129   ulog.o
        68         18          0          0         44       1574   ulog_console.o
       984        220          0          0        672       3607   usart.o
        52         16          0          0        548        800   usb_device.o
       728         30          0        272          0      13782   usbd_cdc.o
       352         56          0         16      10284       6251   usbd_cdc_if.o
      1256         62          0          0       1008      16874   usbd_conf.o
       792          0          0          0          0      13445   usbd_core.o
      1584         30          0          1          0      11356   usbd_ctlreq.o
       304        128          0         52        512       5943   usbd_desc.o
       174          0          0          0          0       4932   usbd_ioreq.o

    ----------------------------------------------------------------------
     53260       4598       3248        792     152144    1349918   Object Totals
         0          0         32          0          0          0   (incl. Generated)
        92          0          8         12          5          0   (incl. Padding)

    ----------------------------------------------------------------------

      Code (inc. data)   RO Data    RW Data    ZI Data      Debug   Library Member Name

        86          0          0          0          0          0   __dczerorl2.o
         0          0          0          0          0          0   entry.o
         0          0          0          0          0          0   entry10a.o
         0          0          0          0          0          0   entry11a.o
         8          4          0          0          0          0   entry2.o
         4          0          0          0          0          0   entry5.o
         0          0          0          0          0          0   entry7b.o
         0          0          0          0          0          0   entry8b.o
         8          4          0          0          0          0   entry9a.o
        30          0          0          0          0          0   handlers.o
        36          8          0          0          0         68   init.o
        30          0          0          0          0         68   llshl.o
        32          0          0          0          0         68   llushr.o
        36          0          0          0          0         68   memcpya.o
        36          0          0          0          0        108   memseta.o
        18          0          0          0          0         68   strcpy.o
        14          0          0          0          0         68   strlen.o
        30          0          0          0          0         80   strncmp.o
        24          0          0          0          0         76   strncpy.o
        98          0          0          0          0         92   uldiv.o

    ----------------------------------------------------------------------
       492         16          0          0          0        764   Library Totals
         2          0          0          0          0          0   (incl. Padding)

    ----------------------------------------------------------------------

      Code (inc. data)   RO Data    RW Data    ZI Data      Debug   Library Name

       490         16          0          0          0        764   mc_w.l

    ----------------------------------------------------------------------
       492         16          0          0          0        764   Library Totals

    ----------------------------------------------------------------------

==============================================================================


      Code (inc. data)   RO Data    RW Data    ZI Data      Debug   

     53752       4614       3248        792     152144    1296354   Grand Totals
     53752       4614       3248        264     152144    1296354   ELF Image Totals (compressed)
     53752       4614       3248        264          0          0   ROM Totals

==============================================================================

    Total RO  Size (Code + RO Data)                57000 (  55.66kB)
    Total RW  Size (RW Data + ZI Data)            152936 ( 149.35kB)
    Total ROM Size (Code + RO Data + RW Data)      57264 (  55.92kB)

==============================================================================

